<html>
<body>
<pre>
<h1>礦ision Build Log</h1>
<h2>Tool Versions:</h2>
IDE-Version: μVision V5.23.0.0
Copyright (C) 2017 ARM Ltd and ARM Germany GmbH. All rights reserved.
License Information: 11 11, 11, LIC=----
 
Tool Versions:
Toolchain:       MDK-Lite  Version: 5.23
Toolchain Path:  D:\Program Files (x86)\keil523\ARM\ARMCC\Bin
C Compiler:      Armcc.exe V5.06 update 4 (build 422)
Assembler:       Armasm.exe V5.06 update 4 (build 422)
Linker/Locator:  ArmLink.exe V5.06 update 4 (build 422)
Library Manager: ArmAr.exe V5.06 update 4 (build 422)
Hex Converter:   FromElf.exe V5.06 update 4 (build 422)
CPU DLL:         SARMCM3.DLL V5.23
Dialog DLL:      DARMSTM.DLL V1.68.0.0
Target DLL:      Segger\JL2CM3.dll V2.99.23.0
Dialog DLL:      TARMSTM.DLL V1.66.0.0
 
<h2>Project:</h2>
E:\git\eBox_STM32F1\Project\stm32f10x\mdk\stm32f10x.uvprojx
Project File Date:  10/25/2017

<h2>Output:</h2>
*** Using Compiler 'V5.06 update 4 (build 422)', folder: 'D:\Program Files (x86)\keil523\ARM\ARMCC\Bin'
Rebuild target 'Target 1'
assembling startup_stm32f10x_md.s...
compiling core_cm3.c...
compiling system_stm32f10x.c...
compiling misc.c...
compiling stm32f10x_adc.c...
compiling stm32f10x_bkp.c...
compiling stm32f10x_can.c...
compiling stm32f10x_cec.c...
compiling stm32f10x_crc.c...
compiling stm32f10x_dac.c...
compiling stm32f10x_dbgmcu.c...
compiling stm32f10x_dma.c...
compiling stm32f10x_exti.c...
compiling stm32f10x_fsmc.c...
compiling stm32f10x_flash.c...
compiling stm32f10x_gpio.c...
compiling stm32f10x_iwdg.c...
compiling stm32f10x_i2c.c...
compiling stm32f10x_pwr.c...
compiling stm32f10x_rtc.c...
compiling stm32f10x_rcc.c...
compiling stm32f10x_sdio.c...
compiling stm32f10x_spi.c...
compiling stm32f10x_tim.c...
compiling new.cpp...
compiling stm32f10x_usart.c...
compiling stm32f10x_wwdg.c...
compiling print.cpp...
compiling WString.cpp...
compiling random.cpp...
compiling dtostrf.c...
compiling itoa.c...
compiling ebox_mem.c...
compiling crc.c...
compiling list.cpp...
compiling ringbuf.cpp...
compiling big_little.cpp...
compiling util.cpp...
..\..\..\core\util.cpp(311): warning:  #1-D: last line of file ends without a newline
  }
..\..\..\core\util.cpp: 1 warning, 0 errors
compiling LinearRegression.cpp...
..\..\..\core\math\LinearRegression.cpp(48): warning:  #177-D: variable "j"  was declared but never referenced
      int i, j;
..\..\..\core\math\LinearRegression.cpp: 1 warning, 0 errors
compiling ebox_common.cpp...
compiling mcu_core.cpp...
compiling mcu_mem.c...
compiling ebox_analog.cpp...
compiling ebox_exti.cpp...
compiling ebox_gpio.cpp...
compiling ebox_iflash.cpp...
compiling ebox_i2c.cpp...
compiling ebox_rtc.cpp...
compiling ebox_softi2c.cpp...
compiling ebox_softspi.cpp...
compiling ebox_spi.cpp...
compiling ebox_wdg.cpp...
compiling ebox_uart.cpp...
compiling ebox_can.cpp...
compiling ebox_pwm.cpp...
compiling ebox_timer.cpp...
compiling ebox_in_capture.cpp...
compiling ebox_encoder.cpp...
..\..\..\mcu\stm32f10x\ebox\Peripherals\ebox_encoder.cpp(18): warning:  #940-D: missing return statement at end of non-void function "Encoder::begin" 
  }
..\..\..\mcu\stm32f10x\ebox\Peripherals\ebox_encoder.cpp: 1 warning, 0 errors
compiling ebox_it.cpp...
compiling object.cpp...
compiling calendar.cpp...
compiling color_convert.cpp...
compiling EventGpio.cpp...
..\..\..\common\apps\EventGpio.cpp(21): warning:  #42-D: operand types are incompatible ("void (*)()" and "void *")
                  if(event_nag_edge != (void*)0)
..\..\..\common\apps\EventGpio.cpp(32): warning:  #42-D: operand types are incompatible ("void (*)()" and "void *")
                  if(event_pos_edge != (void*)0)
..\..\..\common\apps\EventGpio.cpp(50): warning:  #42-D: operand types are incompatible ("void (*)()" and "void *")
                  if(event_release !=  (void*)0)
..\..\..\common\apps\EventGpio.cpp(61): warning:  #42-D: operand types are incompatible ("void (*)()" and "void *")
          if(event_high != (void *)0)
..\..\..\common\apps\EventGpio.cpp(66): warning:  #42-D: operand types are incompatible ("void (*)()" and "void *")
          if(event_long_press !=  (void*)0)//使用long_press，禁用click，如果使用long_press则触发long_press之后不会再触发release
..\..\..\common\apps\EventGpio.cpp(94): warning:  #42-D: operand types are incompatible ("void (*)()" and "void *")
                      if(event_click !=  (void*)0)
..\..\..\common\apps\EventGpio.cpp(105): warning:  #42-D: operand types are incompatible ("void *" and "void (*)()")
  		if((void*)0 != event_low)
..\..\..\common\apps\EventGpio.cpp: 7 warnings, 0 errors
compiling FirFilter.cpp...
..\..\..\common\apps\Filters\FirFilter\FirFilter.cpp(344): warning:  #1-D: last line of file ends without a newline
  }
..\..\..\common\apps\Filters\FirFilter\FirFilter.cpp: 1 warning, 0 errors
compiling EventIo.cpp...
..\..\..\common\apps\EventIo.cpp(11): warning:  #42-D: operand types are incompatible ("void (*)()" and "void *")
              if(event_nag_edge != (void*)0)
..\..\..\common\apps\EventIo.cpp(16): warning:  #42-D: operand types are incompatible ("void (*)()" and "void *")
              if(event_pos_edge != (void*)0)
..\..\..\common\apps\EventIo.cpp(19): warning:  #42-D: operand types are incompatible ("void (*)()" and "void *")
          if(event_changed != (void*)0)
..\..\..\common\apps\EventIo.cpp(23): warning:  #1-D: last line of file ends without a newline
  }
..\..\..\common\apps\EventIo.cpp: 4 warnings, 0 errors
compiling PID_v1.cpp...
compiling 74HC595.cpp...
compiling at24c02.cpp...
compiling Button.cpp...
compiling key_dm.cpp...
compiling LED.cpp...
compiling mmc_sd.cpp...
compiling ds18b20.cpp...
compiling w25x16.cpp...
compiling parallel_gpio.cpp...
compiling si4432.cpp...
compiling bsp.cpp...
compiling main.cpp...
..\..\..\user\main.cpp(88): warning:  #177-D: variable "ret"  was declared but never referenced
  	int ret,i;
..\..\..\user\main.cpp(90): warning:  #177-D: variable "tx_cnt"  was declared but never referenced
  	uint16_t tx_cnt = 0;
..\..\..\user\main.cpp(92): warning:  #177-D: variable "last_time"  was declared but never referenced
  	uint32_t last_time= 0;
..\..\..\user\main.cpp(93): warning:  #177-D: variable "last_rt_time"  was declared but never referenced
  	uint32_t last_rt_time = 0;
..\..\..\user\main.cpp(94): warning:  #177-D: variable "last_get_time"  was declared but never referenced
  	uint32_t last_get_time = 0;
..\..\..\user\main.cpp(95): warning:  #177-D: variable "last_login_time"  was declared but never referenced
  	uint32_t last_login_time = 0;
..\..\..\user\main.cpp: 6 warnings, 0 errors
compiling ff.c...
compiling diskio.c...
compiling wrapperdiskio.cpp...
linking...
Program Size: Code=20936 RO-data=828 RW-data=168 ZI-data=16712  
FromELF: creating hex file...
".\Objects\ebox.axf" - 0 Error(s), 21 Warning(s).

<h2>Collection of Component include folders:</h2>
  .\RTE\_Target_1
  D:\Program Files (x86)\keil523\ARM\PACK\Keil\STM32F1xx_DFP\2.2.0\Device\Include

<h2>Collection of Component Files used:</h2>
Build Time Elapsed:  00:00:22
</pre>
</body>
</html>
