Component: ARM Compiler 5.06 update 4 (build 422) Tool: armlink [4d35d2]

==============================================================================

Section Cross References

    startup_stm32f10x_md.o(STACK) refers (Special) to heapauxi.o(.text) for __use_two_region_memory
    startup_stm32f10x_md.o(HEAP) refers (Special) to heapauxi.o(.text) for __use_two_region_memory
    startup_stm32f10x_md.o(RESET) refers (Special) to heapauxi.o(.text) for __use_two_region_memory
    startup_stm32f10x_md.o(RESET) refers to startup_stm32f10x_md.o(STACK) for __initial_sp
    startup_stm32f10x_md.o(RESET) refers to startup_stm32f10x_md.o(.text) for Reset_Handler
    startup_stm32f10x_md.o(RESET) refers to ebox_it.o(i.NMI_Handler) for NMI_Handler
    startup_stm32f10x_md.o(RESET) refers to ebox_it.o(i.HardFault_Handler) for HardFault_Handler
    startup_stm32f10x_md.o(RESET) refers to ebox_it.o(i.MemManage_Handler) for MemManage_Handler
    startup_stm32f10x_md.o(RESET) refers to ebox_it.o(i.BusFault_Handler) for BusFault_Handler
    startup_stm32f10x_md.o(RESET) refers to ebox_it.o(i.UsageFault_Handler) for UsageFault_Handler
    startup_stm32f10x_md.o(RESET) refers to ebox_it.o(i.DebugMon_Handler) for DebugMon_Handler
    startup_stm32f10x_md.o(RESET) refers to mcu_core.o(i.SysTick_Handler) for SysTick_Handler
    startup_stm32f10x_md.o(RESET) refers to ebox_rtc.o(i.RTC_IRQHandler) for RTC_IRQHandler
    startup_stm32f10x_md.o(RESET) refers to ebox_exti.o(i.EXTI0_IRQHandler) for EXTI0_IRQHandler
    startup_stm32f10x_md.o(RESET) refers to ebox_exti.o(i.EXTI1_IRQHandler) for EXTI1_IRQHandler
    startup_stm32f10x_md.o(RESET) refers to ebox_exti.o(i.EXTI2_IRQHandler) for EXTI2_IRQHandler
    startup_stm32f10x_md.o(RESET) refers to ebox_exti.o(i.EXTI3_IRQHandler) for EXTI3_IRQHandler
    startup_stm32f10x_md.o(RESET) refers to ebox_exti.o(i.EXTI4_IRQHandler) for EXTI4_IRQHandler
    startup_stm32f10x_md.o(RESET) refers to ebox_can.o(i.USB_LP_CAN1_RX0_IRQHandler) for USB_LP_CAN1_RX0_IRQHandler
    startup_stm32f10x_md.o(RESET) refers to ebox_exti.o(i.EXTI9_5_IRQHandler) for EXTI9_5_IRQHandler
    startup_stm32f10x_md.o(RESET) refers to ebox_it.o(i.TIM1_UP_IRQHandler) for TIM1_UP_IRQHandler
    startup_stm32f10x_md.o(RESET) refers to ebox_it.o(i.TIM2_IRQHandler) for TIM2_IRQHandler
    startup_stm32f10x_md.o(RESET) refers to ebox_it.o(i.TIM3_IRQHandler) for TIM3_IRQHandler
    startup_stm32f10x_md.o(RESET) refers to ebox_it.o(i.TIM4_IRQHandler) for TIM4_IRQHandler
    startup_stm32f10x_md.o(RESET) refers to ebox_uart.o(i.USART1_IRQHandler) for USART1_IRQHandler
    startup_stm32f10x_md.o(RESET) refers to ebox_uart.o(i.USART2_IRQHandler) for USART2_IRQHandler
    startup_stm32f10x_md.o(RESET) refers to ebox_uart.o(i.USART3_IRQHandler) for USART3_IRQHandler
    startup_stm32f10x_md.o(RESET) refers to ebox_exti.o(i.EXTI15_10_IRQHandler) for EXTI15_10_IRQHandler
    startup_stm32f10x_md.o(.text) refers (Special) to heapauxi.o(.text) for __use_two_region_memory
    startup_stm32f10x_md.o(.text) refers to system_stm32f10x.o(i.SystemInit) for SystemInit
    startup_stm32f10x_md.o(.text) refers to __main.o(!!!main) for __main
    startup_stm32f10x_md.o(.text) refers to startup_stm32f10x_md.o(HEAP) for Heap_Mem
    startup_stm32f10x_md.o(.text) refers to startup_stm32f10x_md.o(STACK) for Stack_Mem
    system_stm32f10x.o(i.SetSysClock) refers to system_stm32f10x.o(i.SetSysClockTo72) for SetSysClockTo72
    system_stm32f10x.o(i.SystemCoreClockUpdate) refers to system_stm32f10x.o(.data) for SystemCoreClock
    system_stm32f10x.o(i.SystemInit) refers to system_stm32f10x.o(i.SetSysClock) for SetSysClock
    stm32f10x_adc.o(i.ADC_DeInit) refers to stm32f10x_rcc.o(i.RCC_APB2PeriphResetCmd) for RCC_APB2PeriphResetCmd
    stm32f10x_bkp.o(i.BKP_DeInit) refers to stm32f10x_rcc.o(i.RCC_BackupResetCmd) for RCC_BackupResetCmd
    stm32f10x_can.o(i.CAN_DeInit) refers to stm32f10x_rcc.o(i.RCC_APB1PeriphResetCmd) for RCC_APB1PeriphResetCmd
    stm32f10x_can.o(i.CAN_GetITStatus) refers to stm32f10x_can.o(i.CheckITStatus) for CheckITStatus
    stm32f10x_cec.o(i.CEC_DeInit) refers to stm32f10x_rcc.o(i.RCC_APB1PeriphResetCmd) for RCC_APB1PeriphResetCmd
    stm32f10x_dac.o(i.DAC_DeInit) refers to stm32f10x_rcc.o(i.RCC_APB1PeriphResetCmd) for RCC_APB1PeriphResetCmd
    stm32f10x_flash.o(i.FLASH_EnableWriteProtection) refers to stm32f10x_flash.o(i.FLASH_WaitForLastOperation) for FLASH_WaitForLastOperation
    stm32f10x_flash.o(i.FLASH_EraseAllBank1Pages) refers to stm32f10x_flash.o(i.FLASH_WaitForLastBank1Operation) for FLASH_WaitForLastBank1Operation
    stm32f10x_flash.o(i.FLASH_EraseAllPages) refers to stm32f10x_flash.o(i.FLASH_WaitForLastOperation) for FLASH_WaitForLastOperation
    stm32f10x_flash.o(i.FLASH_EraseOptionBytes) refers to stm32f10x_flash.o(i.FLASH_GetReadOutProtectionStatus) for FLASH_GetReadOutProtectionStatus
[...]
    __rt_entry_sh                            0x0800021d   Thumb Code     0  __rtentry4.o(.ARM.Collect$$rtentry$$00000004)
    __rt_entry_li                            0x08000223   Thumb Code     0  __rtentry2.o(.ARM.Collect$$rtentry$$0000000A)
    __rt_entry_postsh_1                      0x08000223   Thumb Code     0  __rtentry2.o(.ARM.Collect$$rtentry$$00000009)
    __rt_entry_main                          0x08000227   Thumb Code     0  __rtentry2.o(.ARM.Collect$$rtentry$$0000000D)
    __rt_entry_postli_1                      0x08000227   Thumb Code     0  __rtentry2.o(.ARM.Collect$$rtentry$$0000000C)
    __rt_exit                                0x0800022f   Thumb Code     0  rtexit.o(.ARM.Collect$$rtexit$$00000000)
    __rt_exit_ls                             0x08000231   Thumb Code     0  rtexit2.o(.ARM.Collect$$rtexit$$00000003)
    __rt_exit_prels_1                        0x08000231   Thumb Code     0  rtexit2.o(.ARM.Collect$$rtexit$$00000002)
    __rt_exit_exit                           0x08000235   Thumb Code     0  rtexit2.o(.ARM.Collect$$rtexit$$00000004)
    Reset_Handler                            0x0800023d   Thumb Code     8  startup_stm32f10x_md.o(.text)
    SVC_Handler                              0x0800024f   Thumb Code     2  startup_stm32f10x_md.o(.text)
    PendSV_Handler                           0x08000253   Thumb Code     2  startup_stm32f10x_md.o(.text)
    ADC1_2_IRQHandler                        0x08000257   Thumb Code     0  startup_stm32f10x_md.o(.text)
    CAN1_RX1_IRQHandler                      0x08000257   Thumb Code     0  startup_stm32f10x_md.o(.text)
    CAN1_SCE_IRQHandler                      0x08000257   Thumb Code     0  startup_stm32f10x_md.o(.text)
    DMA1_Channel1_IRQHandler                 0x08000257   Thumb Code     0  startup_stm32f10x_md.o(.text)
    DMA1_Channel2_IRQHandler                 0x08000257   Thumb Code     0  startup_stm32f10x_md.o(.text)
    DMA1_Channel3_IRQHandler                 0x08000257   Thumb Code     0  startup_stm32f10x_md.o(.text)
    DMA1_Channel4_IRQHandler                 0x08000257   Thumb Code     0  startup_stm32f10x_md.o(.text)
    DMA1_Channel5_IRQHandler                 0x08000257   Thumb Code     0  startup_stm32f10x_md.o(.text)
    DMA1_Channel6_IRQHandler                 0x08000257   Thumb Code     0  startup_stm32f10x_md.o(.text)
    DMA1_Channel7_IRQHandler                 0x08000257   Thumb Code     0  startup_stm32f10x_md.o(.text)
    FLASH_IRQHandler                         0x08000257   Thumb Code     0  startup_stm32f10x_md.o(.text)
    I2C1_ER_IRQHandler                       0x08000257   Thumb Code     0  startup_stm32f10x_md.o(.text)
    I2C1_EV_IRQHandler                       0x08000257   Thumb Code     0  startup_stm32f10x_md.o(.text)
    I2C2_ER_IRQHandler                       0x08000257   Thumb Code     0  startup_stm32f10x_md.o(.text)
    I2C2_EV_IRQHandler                       0x08000257   Thumb Code     0  startup_stm32f10x_md.o(.text)
    PVD_IRQHandler                           0x08000257   Thumb Code     0  startup_stm32f10x_md.o(.text)
    RCC_IRQHandler                           0x08000257   Thumb Code     0  startup_stm32f10x_md.o(.text)
    RTCAlarm_IRQHandler                      0x08000257   Thumb Code     0  startup_stm32f10x_md.o(.text)
    SPI1_IRQHandler                          0x08000257   Thumb Code     0  startup_stm32f10x_md.o(.text)
    SPI2_IRQHandler                          0x08000257   Thumb Code     0  startup_stm32f10x_md.o(.text)
    TAMPER_IRQHandler                        0x08000257   Thumb Code     0  startup_stm32f10x_md.o(.text)
    TIM1_BRK_IRQHandler                      0x08000257   Thumb Code     0  startup_stm32f10x_md.o(.text)
    TIM1_CC_IRQHandler                       0x08000257   Thumb Code     0  startup_stm32f10x_md.o(.text)
    TIM1_TRG_COM_IRQHandler                  0x08000257   Thumb Code     0  startup_stm32f10x_md.o(.text)
    USBWakeUp_IRQHandler                     0x08000257   Thumb Code     0  startup_stm32f10x_md.o(.text)
    USB_HP_CAN1_TX_IRQHandler                0x08000257   Thumb Code     0  startup_stm32f10x_md.o(.text)
    WWDG_IRQHandler                          0x08000257   Thumb Code     0  startup_stm32f10x_md.o(.text)
    __user_initial_stackheap                 0x08000259   Thumb Code     0  startup_stm32f10x_md.o(.text)
    __rt_ctype_table                         0x0800027d   Thumb Code    16  rt_ctype_table.o(.text)
    __aeabi_uldivmod                         0x0800028d   Thumb Code     0  lludivv7m.o(.text)
    _ll_udiv                                 0x0800028d   Thumb Code   238  lludivv7m.o(.text)
    __c89vsnprintf                           0x0800037d   Thumb Code    48  c89vsnprintf.o(.text)
    _printf_pre_padding                      0x080003b1   Thumb Code    44  _printf_pad.o(.text)
    _printf_post_padding                     0x080003dd   Thumb Code    34  _printf_pad.o(.text)
    _printf_int_dec                          0x08000401   Thumb Code   104  _printf_dec.o(.text)
    __printf                                 0x08000479   Thumb Code   388  __printf_flags_ss_wp.o(.text)
    srand                                    0x08000601   Thumb Code    42  rand.o(.text)
    _rand_init                               0x0800062b   Thumb Code     4  rand.o(.text)
    strcmp                                   0x0800063d   Thumb Code   128  strcmpv7m.o(.text)
    __use_two_region_memory                  0x080006bd   Thumb Code     2  heapauxi.o(.text)
    __rt_heap_escrow                         0x080006bf   Thumb Code     2  heapauxi.o(.text)
    __rt_heap_expand                         0x080006c1   Thumb Code     2  heapauxi.o(.text)
    __cpp_initialize__aeabi_                 0x080006c5   Thumb Code    26  init_aeabi.o(.text)
    __rt_locale                              0x080006e9   Thumb Code     8  rt_locale_intlibspace.o(.text)
    _printf_truncate_signed                  0x080006f1   Thumb Code    18  _printf_truncate.o(.text)
    _printf_truncate_unsigned                0x08000703   Thumb Code    18  _printf_truncate.o(.text)
    _printf_str                              0x08000715   Thumb Code    82  _printf_str.o(.text)
    _printf_int_common                       0x08000767   Thumb Code   178  _printf_intcommon.o(.text)
    _printf_charcount                        0x08000819   Thumb Code    40  _printf_charcount.o(.text)
    __lib_sel_fp_printf                      0x08000841   Thumb Code     2  _printf_fp_dec.o(.text)
    _printf_fp_dec_real                      0x080009ef   Thumb Code   620  _printf_fp_dec.o(.text)
    _printf_char_common                      0x08000c67   Thumb Code    32  _printf_char_common.o(.text)
    _sputc                                   0x08000c8d   Thumb Code    10  _sputc.o(.text)
    _snputc                                  0x08000c97   Thumb Code    16  _snputc.o(.text)
    _printf_wctomb                           0x08000ca9   Thumb Code   182  _printf_wctomb.o(.text)
    _printf_longlong_dec                     0x08000d65   Thumb Code   108  _printf_longlong_dec.o(.text)
    _printf_longlong_oct                     0x08000de1   Thumb Code    66  _printf_oct_int_ll.o(.text)
    _printf_int_oct                          0x08000e23   Thumb Code    24  _printf_oct_int_ll.o(.text)
    _printf_ll_oct                           0x08000e3b   Thumb Code    12  _printf_oct_int_ll.o(.text)
    _printf_longlong_hex                     0x08000e51   Thumb Code    86  _printf_hex_int_ll_ptr.o(.text)
    _printf_int_hex                          0x08000ea7   Thumb Code    28  _printf_hex_int_ll_ptr.o(.text)
    _printf_ll_hex                           0x08000ec3   Thumb Code    12  _printf_hex_int_ll_ptr.o(.text)
    _printf_hex_ptr                          0x08000ecf   Thumb Code    18  _printf_hex_int_ll_ptr.o(.text)
    __user_libspace                          0x08000ee5   Thumb Code     8  libspace.o(.text)
    __user_perproc_libspace                  0x08000ee5   Thumb Code     0  libspace.o(.text)
    __user_perthread_libspace                0x08000ee5   Thumb Code     0  libspace.o(.text)
    _ll_udiv10                               0x08000eed   Thumb Code   138  lludiv10.o(.text)
    _printf_fp_infnan                        0x08000f79   Thumb Code   112  _printf_fp_infnan.o(.text)
    _printf_cs_common                        0x08000ff9   Thumb Code    20  _printf_char.o(.text)
    _printf_char                             0x0800100d   Thumb Code    16  _printf_char.o(.text)
    _printf_string                           0x0800101d   Thumb Code     8  _printf_char.o(.text)
    _printf_lcs_common                       0x08001025   Thumb Code    20  _printf_wchar.o(.text)
    _printf_wchar                            0x08001039   Thumb Code    16  _printf_wchar.o(.text)
    _printf_wstring                          0x08001049   Thumb Code     8  _printf_wchar.o(.text)
    _btod_etento                             0x08001051   Thumb Code   216  bigflt0.o(.text)
    _wcrtomb                                 0x0800112d   Thumb Code    64  _wcrtomb.o(.text)
    _sys_exit                                0x0800116d   Thumb Code     8  sys_exit.o(.text)
    __user_setup_stackheap                   0x08001179   Thumb Code    74  sys_stackheap_outer.o(.text)
    exit                                     0x080011c3   Thumb Code    18  exit.o(.text)
    __I$use$semihosting                      0x080011d5   Thumb Code     0  use_no_semi.o(.text)
    __use_no_semihosting_swi                 0x080011d5   Thumb Code     2  use_no_semi.o(.text)
    __semihosting_library_function           0x080011d7   Thumb Code     0  indicate_semi.o(.text)
    _btod_d2e                                0x080011d7   Thumb Code    62  btod.o(CL$$btod_d2e)
    _d2e_denorm_low                          0x08001215   Thumb Code    70  btod.o(CL$$btod_d2e_denorm_low)
    _d2e_norm_op1                            0x0800125b   Thumb Code    96  btod.o(CL$$btod_d2e_norm_op1)
    __btod_div_common                        0x080012bb   Thumb Code   696  btod.o(CL$$btod_div_common)
    _e2e                                     0x080015f3   Thumb Code   198  btod.o(CL$$btod_e2e)
    _btod_ediv                               0x080016b9   Thumb Code    40  btod.o(CL$$btod_ediv)
    _btod_emul                               0x080016e1   Thumb Code    40  btod.o(CL$$btod_emul)
    __btod_mult_common                       0x08001709   Thumb Code   580  btod.o(CL$$btod_mult_common)
    ADC_Cmd                                  0x08001975   Thumb Code    22  stm32f10x_adc.o(i.ADC_Cmd)
    ADC_DMACmd                               0x0800198b   Thumb Code    22  stm32f10x_adc.o(i.ADC_DMACmd)
    ADC_DeInit                               0x080019a1   Thumb Code    78  stm32f10x_adc.o(i.ADC_DeInit)
    ADC_GetCalibrationStatus                 0x080019fd   Thumb Code    20  stm32f10x_adc.o(i.ADC_GetCalibrationStatus)
    ADC_GetResetCalibrationStatus            0x08001a11   Thumb Code    20  stm32f10x_adc.o(i.ADC_GetResetCalibrationStatus)
    ADC_Init                                 0x08001a25   Thumb Code    70  stm32f10x_adc.o(i.ADC_Init)
    ADC_RegularChannelConfig                 0x08001a75   Thumb Code   184  stm32f10x_adc.o(i.ADC_RegularChannelConfig)
    ADC_ResetCalibration                     0x08001b2d   Thumb Code    10  stm32f10x_adc.o(i.ADC_ResetCalibration)
    ADC_SoftwareStartConvCmd                 0x08001b37   Thumb Code    22  stm32f10x_adc.o(i.ADC_SoftwareStartConvCmd)
    ADC_StartCalibration                     0x08001b4d   Thumb Code    10  stm32f10x_adc.o(i.ADC_StartCalibration)
    BusFault_Handler                         0x08001b57   Thumb Code     4  ebox_it.o(i.BusFault_Handler)
    CAN_FIFORelease                          0x08001b5b   Thumb Code    22  stm32f10x_can.o(i.CAN_FIFORelease)
    DMA_Cmd                                  0x08001b71   Thumb Code    24  stm32f10x_dma.o(i.DMA_Cmd)
    DMA_DeInit                               0x08001b89   Thumb Code   324  stm32f10x_dma.o(i.DMA_DeInit)
    DMA_Init                                 0x08001cd5   Thumb Code    60  stm32f10x_dma.o(i.DMA_Init)
    DebugMon_Handler                         0x08001d11   Thumb Code     2  ebox_it.o(i.DebugMon_Handler)
    EXTI0_IRQHandler                         0x08001d15   Thumb Code    28  ebox_exti.o(i.EXTI0_IRQHandler)
    EXTI15_10_IRQHandler                     0x08001d39   Thumb Code   172  ebox_exti.o(i.EXTI15_10_IRQHandler)
    EXTI1_IRQHandler                         0x08001ded   Thumb Code    28  ebox_exti.o(i.EXTI1_IRQHandler)
    EXTI2_IRQHandler                         0x08001e11   Thumb Code    28  ebox_exti.o(i.EXTI2_IRQHandler)
    EXTI3_IRQHandler                         0x08001e35   Thumb Code    28  ebox_exti.o(i.EXTI3_IRQHandler)
    EXTI4_IRQHandler                         0x08001e59   Thumb Code    28  ebox_exti.o(i.EXTI4_IRQHandler)
    EXTI9_5_IRQHandler                       0x08001e7d   Thumb Code   132  ebox_exti.o(i.EXTI9_5_IRQHandler)
    EXTI_ClearITPendingBit                   0x08001f09   Thumb Code     6  stm32f10x_exti.o(i.EXTI_ClearITPendingBit)
    EXTI_GetITStatus                         0x08001f15   Thumb Code    34  stm32f10x_exti.o(i.EXTI_GetITStatus)
    GPIO_Init                                0x08001f3d   Thumb Code   278  stm32f10x_gpio.o(i.GPIO_Init)
    GPIO_PinRemapConfig                      0x08002055   Thumb Code   138  stm32f10x_gpio.o(i.GPIO_PinRemapConfig)
    HardFault_Handler                        0x080020e5   Thumb Code     4  ebox_it.o(i.HardFault_Handler)
    MemManage_Handler                        0x080020e9   Thumb Code     4  ebox_it.o(i.MemManage_Handler)
    NMI_Handler                              0x080020ed   Thumb Code     2  ebox_it.o(i.NMI_Handler)
    NVIC_Init                                0x080020f1   Thumb Code   100  misc.o(i.NVIC_Init)
    NVIC_PriorityGroupConfig                 0x08002161   Thumb Code    10  misc.o(i.NVIC_PriorityGroupConfig)
    RCC_ADCCLKConfig                         0x08002175   Thumb Code    18  stm32f10x_rcc.o(i.RCC_ADCCLKConfig)
    RCC_AHBPeriphClockCmd                    0x0800218d   Thumb Code    26  stm32f10x_rcc.o(i.RCC_AHBPeriphClockCmd)
    RCC_APB1PeriphClockCmd                   0x080021ad   Thumb Code    26  stm32f10x_rcc.o(i.RCC_APB1PeriphClockCmd)
    RCC_APB1PeriphResetCmd                   0x080021cd   Thumb Code    26  stm32f10x_rcc.o(i.RCC_APB1PeriphResetCmd)
    RCC_APB2PeriphClockCmd                   0x080021ed   Thumb Code    26  stm32f10x_rcc.o(i.RCC_APB2PeriphClockCmd)
    RCC_APB2PeriphResetCmd                   0x0800220d   Thumb Code    26  stm32f10x_rcc.o(i.RCC_APB2PeriphResetCmd)
    RCC_GetClocksFreq                        0x0800222d   Thumb Code   192  stm32f10x_rcc.o(i.RCC_GetClocksFreq)
    RTC_ClearITPendingBit                    0x08002301   Thumb Code    12  stm32f10x_rtc.o(i.RTC_ClearITPendingBit)
    RTC_GetITStatus                          0x08002311   Thumb Code    32  stm32f10x_rtc.o(i.RTC_GetITStatus)
    RTC_IRQHandler                           0x08002335   Thumb Code    82  ebox_rtc.o(i.RTC_IRQHandler)
    SPI_Cmd                                  0x08002391   Thumb Code    24  stm32f10x_spi.o(i.SPI_Cmd)
    SPI_I2S_DeInit                           0x080023a9   Thumb Code    76  stm32f10x_spi.o(i.SPI_I2S_DeInit)
    SPI_Init                                 0x08002401   Thumb Code    60  stm32f10x_spi.o(i.SPI_Init)
    SysTick_CLKSourceConfig                  0x08002525   Thumb Code    40  misc.o(i.SysTick_CLKSourceConfig)
    SysTick_Handler                          0x0800254d   Thumb Code    58  mcu_core.o(i.SysTick_Handler)
    SystemCoreClockUpdate                    0x08002595   Thumb Code   142  system_stm32f10x.o(i.SystemCoreClockUpdate)
    SystemInit                               0x08002639   Thumb Code    78  system_stm32f10x.o(i.SystemInit)
    TIM1_UP_IRQHandler                       0x08002699   Thumb Code   144  ebox_it.o(i.TIM1_UP_IRQHandler)
    TIM2_IRQHandler                          0x08002731   Thumb Code   144  ebox_it.o(i.TIM2_IRQHandler)
    TIM3_IRQHandler                          0x080027c5   Thumb Code   144  ebox_it.o(i.TIM3_IRQHandler)
    TIM4_IRQHandler                          0x0800285d   Thumb Code   144  ebox_it.o(i.TIM4_IRQHandler)
    TIM_ARRPreloadConfig                     0x080028f5   Thumb Code    24  stm32f10x_tim.o(i.TIM_ARRPreloadConfig)
    TIM_ClearITPendingBit                    0x0800290d   Thumb Code     6  stm32f10x_tim.o(i.TIM_ClearITPendingBit)
    TIM_Cmd                                  0x08002913   Thumb Code    24  stm32f10x_tim.o(i.TIM_Cmd)
    TIM_DeInit                               0x0800292d   Thumb Code   424  stm32f10x_tim.o(i.TIM_DeInit)
    TIM_GetITStatus                          0x08002b15   Thumb Code    34  stm32f10x_tim.o(i.TIM_GetITStatus)
    TIM_ITConfig                             0x08002b37   Thumb Code    18  stm32f10x_tim.o(i.TIM_ITConfig)
    TIM_InternalClockConfig                  0x08002b49   Thumb Code    12  stm32f10x_tim.o(i.TIM_InternalClockConfig)
    TIM_TimeBaseInit                         0x08002b55   Thumb Code   122  stm32f10x_tim.o(i.TIM_TimeBaseInit)
    USART1_IRQHandler                        0x08002bf9   Thumb Code    82  ebox_uart.o(i.USART1_IRQHandler)
    USART2_IRQHandler                        0x08002c5d   Thumb Code    82  ebox_uart.o(i.USART2_IRQHandler)
    USART3_IRQHandler                        0x08002cc1   Thumb Code    82  ebox_uart.o(i.USART3_IRQHandler)
    USART_ClearFlag                          0x08002d25   Thumb Code    18  stm32f10x_usart.o(i.USART_ClearFlag)
    USART_ClearITPendingBit                  0x08002d37   Thumb Code    30  stm32f10x_usart.o(i.USART_ClearITPendingBit)
    USART_Cmd                                0x08002d55   Thumb Code    24  stm32f10x_usart.o(i.USART_Cmd)
    USART_DMACmd                             0x08002d6d   Thumb Code    18  stm32f10x_usart.o(i.USART_DMACmd)
    USART_GetFlagStatus                      0x08002d7f   Thumb Code    26  stm32f10x_usart.o(i.USART_GetFlagStatus)
    USART_GetITStatus                        0x08002d99   Thumb Code    84  stm32f10x_usart.o(i.USART_GetITStatus)
    USART_ITConfig                           0x08002ded   Thumb Code    74  stm32f10x_usart.o(i.USART_ITConfig)
    USART_Init                               0x08002e39   Thumb Code   210  stm32f10x_usart.o(i.USART_Init)
    USART_SendData                           0x08002f11   Thumb Code     8  stm32f10x_usart.o(i.USART_SendData)
    USB_LP_CAN1_RX0_IRQHandler               0x08002f19   Thumb Code    22  ebox_can.o(i.USB_LP_CAN1_RX0_IRQHandler)
    UsageFault_Handler                       0x08002f3d   Thumb Code     4  ebox_it.o(i.UsageFault_Handler)
    random_seed(unsigned)                    0x08002f41   Thumb Code    12  random.o(i._Z11random_seedj)
    DMA_configuration()                      0x08002fa1   Thumb Code    66  ebox_analog.o(i._Z17DMA_configurationv)
    ADC1_configuration()                     0x08002ff1   Thumb Code   296  ebox_analog.o(i._Z18ADC1_configurationv)
    t1it()                                   0x0800311d   Thumb Code     8  main.o(i._Z4t1itv)
    t2it()                                   0x08003129   Thumb Code    52  main.o(i._Z4t2itv)
    setup()                                  0x08003175   Thumb Code   136  main.o(i._Z5setupv)
    rx_event()                               0x08003245   Thumb Code    44  main.o(i._Z8rx_eventv)
    ADC1_init()                              0x08003281   Thumb Code    52  ebox_analog.o(i._Z9ADC1_initv)
    RF_TxData(unsigned char*, unsigned char) 0x080032bd   Thumb Code    64  main.o(i._Z9RF_TxDataPhh)
    Can::Can(Gpio*, Gpio*)                   0x08003301   Thumb Code    42  ebox_can.o(i._ZN3CanC1EP4GpioS1_)
    Can::Can__sub_object(Gpio*, Gpio*)       0x08003301   Thumb Code     0  ebox_can.o(i._ZN3CanC1EP4GpioS1_)
    I2c::I2c(I2C_TypeDef*, Gpio*, Gpio*)     0x0800332b   Thumb Code    14  ebox_i2c.o(i._ZN3I2cC1EP11I2C_TypeDefP4GpioS3_)
    I2c::I2c__sub_object(I2C_TypeDef*, Gpio*, Gpio*) 0x0800332b   Thumb Code     0  ebox_i2c.o(i._ZN3I2cC1EP11I2C_TypeDefP4GpioS3_)
    Led::on()                                0x08003339   Thumb Code    24  led.o(i._ZN3Led2onEv)
    Led::off()                               0x08003351   Thumb Code    24  led.o(i._ZN3Led3offEv)
    Led::begin()                             0x08003369   Thumb Code    14  led.o(i._ZN3Led5beginEv)
    Led::Led(Gpio*, unsigned char)           0x08003377   Thumb Code     6  led.o(i._ZN3LedC1EP4Gpioh)
    Led::Led__sub_object(Gpio*, unsigned char) 0x08003377   Thumb Code     0  led.o(i._ZN3LedC1EP4Gpioh)
    Spi::read_config()                       0x0800337d   Thumb Code     6  ebox_spi.o(i._ZN3Spi11read_configEv)
    Spi::take_spi_right(SpiConfig_t*)        0x08003383   Thumb Code    70  ebox_spi.o(i._ZN3Spi14take_spi_rightEP11SpiConfig_t)
    Spi::release_spi_right()                 0x080033c9   Thumb Code     8  ebox_spi.o(i._ZN3Spi17release_spi_rightEv)
    Spi::read()                              0x080033d1   Thumb Code    44  ebox_spi.o(i._ZN3Spi4readEv)
    Spi::begin(SpiConfig_t*)                 0x080033fd   Thumb Code    64  ebox_spi.o(i._ZN3Spi5beginEP11SpiConfig_t)
    Spi::write(unsigned char)                0x08003449   Thumb Code    48  ebox_spi.o(i._ZN3Spi5writeEh)
    Spi::config(SpiConfig_t*)                0x08003479   Thumb Code   276  ebox_spi.o(i._ZN3Spi6configEP11SpiConfig_t)
    Spi::Spi(SPI_TypeDef*, Gpio*, Gpio*, Gpio*) 0x0800358d   Thumb Code    52  ebox_spi.o(i._ZN3SpiC1EP11SPI_TypeDefP4GpioS3_S3_)
    Spi::Spi__sub_object(SPI_TypeDef*, Gpio*, Gpio*, Gpio*) 0x0800358d   Thumb Code     0  ebox_spi.o(i._ZN3SpiC1EP11SPI_TypeDefP4GpioS3_S3_)
    Gpio::set()                              0x080035c1   Thumb Code     8  ebox_gpio.o(i._ZN4Gpio3setEv)
    Gpio::mode(PIN_MODE)                     0x080035c9   Thumb Code   418  ebox_gpio.o(i._ZN4Gpio4modeE8PIN_MODE)
    Gpio::read()                             0x08003775   Thumb Code    20  ebox_gpio.o(i._ZN4Gpio4readEv)
    Gpio::reset()                            0x08003789   Thumb Code     8  ebox_gpio.o(i._ZN4Gpio5resetEv)
    Gpio::Gpio(GPIO_TypeDef*, unsigned short) 0x08003791   Thumb Code   124  ebox_gpio.o(i._ZN4GpioC1EP12GPIO_TypeDeft)
    Gpio::Gpio__sub_object(GPIO_TypeDef*, unsigned short) 0x08003791   Thumb Code     0  ebox_gpio.o(i._ZN4GpioC1EP12GPIO_TypeDeft)
    Uart::_irq_handler(unsigned, IrqType)    0x08003815   Thumb Code    60  ebox_uart.o(i._ZN4Uart12_irq_handlerEj7IrqType)
    Uart::dma_send_string(const char*, unsigned short) 0x08003851   Thumb Code    42  ebox_uart.o(i._ZN4Uart15dma_send_stringEPKct)
    Uart::read()                             0x0800387b   Thumb Code    12  ebox_uart.o(i._ZN4Uart4readEv)
    Uart::begin(unsigned, unsigned char)     0x08003887   Thumb Code    30  ebox_uart.o(i._ZN4Uart5beginEjh)
    Uart::begin(unsigned, unsigned char, unsigned char, float, unsigned char) 0x080038a5   Thumb Code   488  ebox_uart.o(i._ZN4Uart5beginEjhhfh)
    Uart::write(unsigned char)               0x08003aad   Thumb Code    32  ebox_uart.o(i._ZN4Uart5writeEh)
    Uart::_write(const char*, unsigned short) 0x08003acd   Thumb Code   112  ebox_uart.o(i._ZN4Uart6_writeEPKct)
    Uart::attach(void(*)(), IrqType)         0x08003b49   Thumb Code    30  ebox_uart.o(i._ZN4Uart6attachEPFvvE7IrqType)
    Uart::printf(const char*, ...)           0x08003b67   Thumb Code   116  ebox_uart.o(i._ZN4Uart6printfEPKcz)
    Uart::set_busy()                         0x08003bdd   Thumb Code    82  ebox_uart.o(i._ZN4Uart8set_busyEv)
    Uart::interrupt(IrqType, FunctionalState, unsigned char, unsigned char) 0x08003c3d   Thumb Code   234  ebox_uart.o(i._ZN4Uart9interruptE7IrqType15FunctionalStatehh)
    Uart::wait_busy()                        0x08003d35   Thumb Code   348  ebox_uart.o(i._ZN4Uart9wait_busyEv)
    Uart::Uart(USART_TypeDef*, Gpio*, Gpio*) 0x08003eb1   Thumb Code    68  ebox_uart.o(i._ZN4UartC1EP13USART_TypeDefP4GpioS3_)
    Uart::Uart__sub_object(USART_TypeDef*, Gpio*, Gpio*) 0x08003eb1   Thumb Code     0  ebox_uart.o(i._ZN4UartC1EP13USART_TypeDefP4GpioS3_)
    Timer::get_max_frq()                     0x08003f01   Thumb Code    20  ebox_timer.o(i._ZN5Timer11get_max_frqEv)
    Timer::_irq_handler(unsigned)            0x08003f15   Thumb Code    46  ebox_timer.o(i._ZN5Timer12_irq_handlerEj)
    Timer::get_timer_source_clock()          0x08003f45   Thumb Code    46  ebox_timer.o(i._ZN5Timer22get_timer_source_clockEv)
    Timer::stop()                            0x08003f81   Thumb Code    14  ebox_timer.o(i._ZN5Timer4stopEv)
    Timer::begin(unsigned)                   0x08003f91   Thumb Code   174  ebox_timer.o(i._ZN5Timer5beginEj)
    Timer::start()                           0x0800404d   Thumb Code    14  ebox_timer.o(i._ZN5Timer5startEv)
    Timer::attach(void(*)())                 0x0800405b   Thumb Code    20  ebox_timer.o(i._ZN5Timer6attachEPFvvE)
    Timer::base_init(unsigned short, unsigned short) 0x08004071   Thumb Code   224  ebox_timer.o(i._ZN5Timer9base_initEtt)
    Timer::interrupt(FunctionalState, unsigned char, unsigned char) 0x08004159   Thumb Code    68  ebox_timer.o(i._ZN5Timer9interruptE15FunctionalStatehh)
    Timer::Timer(TIM_TypeDef*)               0x0800419d   Thumb Code    36  ebox_timer.o(i._ZN5TimerC1EP11TIM_TypeDef)
    Timer::Timer__sub_object(TIM_TypeDef*)   0x0800419d   Thumb Code     0  ebox_timer.o(i._ZN5TimerC1EP11TIM_TypeDef)
    Button::loop()                           0x080041c1   Thumb Code   102  button.o(i._ZN6Button4loopEv)
    Button::begin()                          0x08004231   Thumb Code    62  button.o(i._ZN6Button5beginEv)
    Button::release()                        0x0800426f   Thumb Code    22  button.o(i._ZN6Button7releaseEv)
    Button::Button(Gpio*, unsigned char)     0x08004285   Thumb Code     8  button.o(i._ZN6ButtonC1EP4Gpioh)
    Button::Button__sub_object(Gpio*, unsigned char) 0x08004285   Thumb Code     0  button.o(i._ZN6ButtonC1EP4Gpioh)
    Si4432::set_config()                     0x0800428d   Thumb Code   446  si4432.o(i._ZN6Si443210set_configEv)
    Si4432::set_rx_mode()                    0x0800444d   Thumb Code    60  si4432.o(i._ZN6Si443211set_rx_modeEv)
    Si4432::set_tx_mode()                    0x08004491   Thumb Code    50  si4432.o(i._ZN6Si443211set_tx_modeEv)
    Si4432::set_idle_mode()                  0x080044cd   Thumb Code    50  si4432.o(i._ZN6Si443213set_idle_modeEv)
    Si4432::SpiReadRegister(unsigned char)   0x08004509   Thumb Code    64  si4432.o(i._ZN6Si443215SpiReadRegisterEh)
    Si4432::SpiWriteRegister(unsigned char, unsigned char) 0x08004549   Thumb Code    68  si4432.o(i._ZN6Si443216SpiWriteRegisterEhh)
    Si4432::read(unsigned char*)             0x0800458d   Thumb Code    78  si4432.o(i._ZN6Si44324readEPh)
    Si4432::begin(unsigned char)             0x080045e1   Thumb Code    86  si4432.o(i._ZN6Si44325beginEh)
    Si4432::reset()                          0x08004637   Thumb Code    26  si4432.o(i._ZN6Si44325resetEv)
    Si4432::start()                          0x08004651   Thumb Code   124  si4432.o(i._ZN6Si44325startEv)
    Si4432::write(unsigned char*, unsigned char) 0x080046d5   Thumb Code   116  si4432.o(i._ZN6Si44325writeEPhh)
    Si4432::read_irq()                       0x08004751   Thumb Code    14  si4432.o(i._ZN6Si44328read_irqEv)
    Si4432::Si4432(Gpio*, Gpio*, Gpio*, Spi*) 0x0800475f   Thumb Code    22  si4432.o(i._ZN6Si4432C1EP4GpioS1_S1_P3Spi)
    Si4432::Si4432__sub_object(Gpio*, Gpio*, Gpio*, Spi*) 0x0800475f   Thumb Code     0  si4432.o(i._ZN6Si4432C1EP4GpioS1_S1_P3Spi)
    SoftI2c::SoftI2c(Gpio*, Gpio*)           0x08004775   Thumb Code     6  ebox_softi2c.o(i._ZN7SoftI2cC1EP4GpioS1_)
    SoftI2c::SoftI2c__sub_object(Gpio*, Gpio*) 0x08004775   Thumb Code     0  ebox_softi2c.o(i._ZN7SoftI2cC1EP4GpioS1_)
    SoftSpi::SoftSpi(Gpio*, Gpio*, Gpio*)    0x0800477b   Thumb Code     8  ebox_softspi.o(i._ZN7SoftSpiC1EP4GpioS1_S1_)
    SoftSpi::SoftSpi__sub_object(Gpio*, Gpio*, Gpio*) 0x0800477b   Thumb Code     0  ebox_softspi.o(i._ZN7SoftSpiC1EP4GpioS1_S1_)
    __ARM_fpclassify                         0x08004783   Thumb Code    40  fpclassify.o(i.__ARM_fpclassify)
    __aeabi_vec_ctor_nocookie_nodtor         0x080047ab   Thumb Code    36  aeabi_vec_ctor_nocookie_nodtor.o(i.__aeabi_vec_ctor_nocookie_nodtor)
    _is_digit                                0x0800508d   Thumb Code    14  __printf_wp.o(i._is_digit)
    delay_ms                                 0x0800509b   Thumb Code    58  mcu_core.o(i.delay_ms)
    ebox_free                                0x080050d5   Thumb Code    16  ebox_mem.o(i.ebox_free)
    ebox_init                                0x080050e5   Thumb Code   242  mcu_core.o(i.ebox_init)
    ebox_malloc                              0x080051f9   Thumb Code    14  ebox_mem.o(i.ebox_malloc)
    main                                     0x08005209   Thumb Code   208  main.o(i.main)
    memFree                                  0x08005349   Thumb Code    80  mcu_mem.o(i.memFree)
    memMalloc                                0x080054b1   Thumb Code   226  mcu_mem.o(i.memMalloc)
    micros                                   0x080055a9   Thumb Code   118  mcu_core.o(i.micros)
    millis                                   0x08005629   Thumb Code     8  mcu_core.o(i.millis)
    serial_irq_handler                       0x08005635   Thumb Code    12  ebox_uart.o(i.serial_irq_handler)
    set_systick_user_event_per_sec           0x08005649   Thumb Code    18  mcu_core.o(i.set_systick_user_event_per_sec)
    tim_irq_callback                         0x08005665   Thumb Code    18  ebox_timer.o(i.tim_irq_callback)
    tim_irq_init                             0x08005681   Thumb Code    16  ebox_timer.o(i.tim_irq_init)
    _get_lc_ctype                            0x08005699   Thumb Code    44  lc_ctype_c.o(locale$$code)
    _get_lc_numeric                          0x080056c5   Thumb Code    44  lc_numeric_c.o(locale$$code)
    FunctionPointerArg1<void, void>::attach(void(*)()) 0x080056f1   Thumb Code     8  ebox_exti.o(t._ZN19FunctionPointerArg1IvvE6attachEPFvvE)
    __fpl_dcmp_Inf                           0x080056f9   Thumb Code    24  dcmpi.o(x$fpl$dcmpinf)
    __aeabi_cdcmpeq                          0x08005711   Thumb Code     0  deqf.o(x$fpl$deqf)
    _dcmpeq                                  0x08005711   Thumb Code   120  deqf.o(x$fpl$deqf)
    __fpl_dnaninf                            0x08005789   Thumb Code   156  dnaninf.o(x$fpl$dnaninf)
    __fpl_dretinf                            0x08005825   Thumb Code    12  dretinf.o(x$fpl$dretinf)
    __aeabi_f2d                              0x08005831   Thumb Code     0  f2d.o(x$fpl$f2d)
    _f2d                                     0x08005831   Thumb Code    86  f2d.o(x$fpl$f2d)
    __fpl_fcmp_Inf                           0x08005887   Thumb Code    24  fcmpi.o(x$fpl$fcmpinf)
    __aeabi_cfcmpeq                          0x080058a1   Thumb Code     0  feqf.o(x$fpl$feqf)
    _fcmpeq                                  0x080058a1   Thumb Code   104  feqf.o(x$fpl$feqf)
    __fpl_fnaninf                            0x08005909   Thumb Code   140  fnaninf.o(x$fpl$fnaninf)
    _printf_fp_dec                           0x08005995   Thumb Code     4  printf1.o(x$fpl$printf1)
    __I$use$fp                               0x08005998   Number         0  usenofp.o(x$fpl$usenofp)
    vtable for Uart                          0x08005a70   Data          16  ebox_uart.o(.constdata__ZTV4Uart)
    vtable for Print                         0x08005a80   Data          16  print.o(.constdata__ZTV5Print)
    Region$$Table$$Base                      0x08005a90   Number         0  anon$$obj.o(Region$$Table)
    Region$$Table$$Limit                     0x08005ab0   Number         0  anon$$obj.o(Region$$Table)
    __ctype                                  0x08005abd   Data           0  lc_ctype_c.o(locale$$data)
    SHT$$INIT_ARRAY$$Base                    0x08005bdc   Number         0  ebox_rtc.o(.init_array)
    SHT$$INIT_ARRAY$$Limit                   0x08005be8   Number         0  init_aeabi.o(.init_array)
    SystemCoreClock                          0x20000000   Data           4  system_stm32f10x.o(.data)
    AHBPrescTable                            0x20000004   Data          16  system_stm32f10x.o(.data)
    millis_seconds                           0x20000028   Data           8  mcu_core.o(.data)
    micro_para                               0x20000030   Data           2  mcu_core.o(.data)
    systick_cb_table                         0x20000034   Data           4  mcu_core.o(.data)
    systick_user_event_per_sec               0x20000038   Data           2  mcu_core.o(.data)
    _systick_user_event_per_sec              0x2000003a   Data           2  mcu_core.o(.data)
    cfgTOTAL_HEAP_SIZE                       0x2000003c   Data           4  mcu_mem.o(.data)
    memHeap                                  0x20000040   Data           4  mcu_mem.o(.data)
    busy                                     0x20000068   Data           5  ebox_uart.o(.data)
    t1_overflow_times                        0x20000080   Data           2  ebox_it.o(.data)
    t2_overflow_times                        0x20000082   Data           2  ebox_it.o(.data)
    t3_overflow_times                        0x20000084   Data           2  ebox_it.o(.data)
    t4_overflow_times                        0x20000086   Data           2  ebox_it.o(.data)
    ItStatus1                                0x2000008d   Data           1  si4432.o(.data)
    ItStatus2                                0x2000008e   Data           1  si4432.o(.data)
    led_net                                  0x20000098   Data           8  main.o(.data)
    len                                      0x200000a0   Data           2  main.o(.data)
    count                                    0x200000a4   Data           4  main.o(.data)
    uart1_rx_buf_len                         0x200000a8   Data           1  main.o(.data)
    uart1_rx_buf_c_len                       0x200000a9   Data           1  main.o(.data)
    module_si4432                            0x200000aa   Data           1  main.o(.data)
    timer1_flag                              0x200000ab   Data           1  main.o(.data)
    timer2_flag                              0x200000ac   Data           1  main.o(.data)
    cpu                                      0x200000b0   Data          48  mcu_core.o(.bss)
    AD_value                                 0x200028e0   Data          32  ebox_analog.o(.bss)
    rtc                                      0x20002940   Data          72  ebox_rtc.o(.bss)
    PA0                                      0x20002a08   Data          12  object.o(.bss)
    PA1                                      0x20002a14   Data          12  object.o(.bss)
    PA2                                      0x20002a20   Data          12  object.o(.bss)
    PA3                                      0x20002a2c   Data          12  object.o(.bss)
    PA4                                      0x20002a38   Data          12  object.o(.bss)
    PA5                                      0x20002a44   Data          12  object.o(.bss)
    PA6                                      0x20002a50   Data          12  object.o(.bss)
    PA7                                      0x20002a5c   Data          12  object.o(.bss)
    PA8                                      0x20002a68   Data          12  object.o(.bss)
    PA9                                      0x20002a74   Data          12  object.o(.bss)
    PA10                                     0x20002a80   Data          12  object.o(.bss)
    PA11                                     0x20002a8c   Data          12  object.o(.bss)
    PA12                                     0x20002a98   Data          12  object.o(.bss)
    PA13                                     0x20002aa4   Data          12  object.o(.bss)
    PA14                                     0x20002ab0   Data          12  object.o(.bss)
    PA15                                     0x20002abc   Data          12  object.o(.bss)
    PB0                                      0x20002ac8   Data          12  object.o(.bss)
    PB1                                      0x20002ad4   Data          12  object.o(.bss)
    PB2                                      0x20002ae0   Data          12  object.o(.bss)
    PB3                                      0x20002aec   Data          12  object.o(.bss)
    PB4                                      0x20002af8   Data          12  object.o(.bss)
    PB5                                      0x20002b04   Data          12  object.o(.bss)
    PB6                                      0x20002b10   Data          12  object.o(.bss)
    PB7                                      0x20002b1c   Data          12  object.o(.bss)
    PB8                                      0x20002b28   Data          12  object.o(.bss)
    PB9                                      0x20002b34   Data          12  object.o(.bss)
    PB10                                     0x20002b40   Data          12  object.o(.bss)
    PB11                                     0x20002b4c   Data          12  object.o(.bss)
    PB12                                     0x20002b58   Data          12  object.o(.bss)
    PB13                                     0x20002b64   Data          12  object.o(.bss)
    PB14                                     0x20002b70   Data          12  object.o(.bss)
    PB15                                     0x20002b7c   Data          12  object.o(.bss)
    PC0                                      0x20002b88   Data          12  object.o(.bss)
    PC1                                      0x20002b94   Data          12  object.o(.bss)
    PC2                                      0x20002ba0   Data          12  object.o(.bss)
    PC3                                      0x20002bac   Data          12  object.o(.bss)
    PC4                                      0x20002bb8   Data          12  object.o(.bss)
    PC5                                      0x20002bc4   Data          12  object.o(.bss)
    PC6                                      0x20002bd0   Data          12  object.o(.bss)
    PC7                                      0x20002bdc   Data          12  object.o(.bss)
    PC8                                      0x20002be8   Data          12  object.o(.bss)
    PC9                                      0x20002bf4   Data          12  object.o(.bss)
    PC10                                     0x20002c00   Data          12  object.o(.bss)
    PC11                                     0x20002c0c   Data          12  object.o(.bss)
    PC12                                     0x20002c18   Data          12  object.o(.bss)
    PC13                                     0x20002c24   Data          12  object.o(.bss)
    PC14                                     0x20002c30   Data          12  object.o(.bss)
    PC15                                     0x20002c3c   Data          12  object.o(.bss)
    PD0                                      0x20002c48   Data          12  object.o(.bss)
    PD1                                      0x20002c54   Data          12  object.o(.bss)
    PD2                                      0x20002c60   Data          12  object.o(.bss)
    PD3                                      0x20002c6c   Data          12  object.o(.bss)
    PD4                                      0x20002c78   Data          12  object.o(.bss)
    PD5                                      0x20002c84   Data          12  object.o(.bss)
    PD6                                      0x20002c90   Data          12  object.o(.bss)
    PD7                                      0x20002c9c   Data          12  object.o(.bss)
    PD8                                      0x20002ca8   Data          12  object.o(.bss)
    PD9                                      0x20002cb4   Data          12  object.o(.bss)
    PD10                                     0x20002cc0   Data          12  object.o(.bss)
    PD11                                     0x20002ccc   Data          12  object.o(.bss)
    PD12                                     0x20002cd8   Data          12  object.o(.bss)
    PD13                                     0x20002ce4   Data          12  object.o(.bss)
    PD14                                     0x20002cf0   Data          12  object.o(.bss)
    PD15                                     0x20002cfc   Data          12  object.o(.bss)
    PE0                                      0x20002d08   Data          12  object.o(.bss)
    PE1                                      0x20002d14   Data          12  object.o(.bss)
    PE2                                      0x20002d20   Data          12  object.o(.bss)
    PE3                                      0x20002d2c   Data          12  object.o(.bss)
    PE4                                      0x20002d38   Data          12  object.o(.bss)
    PE5                                      0x20002d44   Data          12  object.o(.bss)
    PE6                                      0x20002d50   Data          12  object.o(.bss)
    PE7                                      0x20002d5c   Data          12  object.o(.bss)
    PE8                                      0x20002d68   Data          12  object.o(.bss)
    PE9                                      0x20002d74   Data          12  object.o(.bss)
    PE10                                     0x20002d80   Data          12  object.o(.bss)
    PE11                                     0x20002d8c   Data          12  object.o(.bss)
    PE12                                     0x20002d98   Data          12  object.o(.bss)
    PE13                                     0x20002da4   Data          12  object.o(.bss)
    PE14                                     0x20002db0   Data          12  object.o(.bss)
    PE15                                     0x20002dbc   Data          12  object.o(.bss)
    PF0                                      0x20002dc8   Data          12  object.o(.bss)
    PF1                                      0x20002dd4   Data          12  object.o(.bss)
    PF2                                      0x20002de0   Data          12  object.o(.bss)
    PF3                                      0x20002dec   Data          12  object.o(.bss)
    PF4                                      0x20002df8   Data          12  object.o(.bss)
    PF5                                      0x20002e04   Data          12  object.o(.bss)
    PF6                                      0x20002e10   Data          12  object.o(.bss)
    PF7                                      0x20002e1c   Data          12  object.o(.bss)
    PF8                                      0x20002e28   Data          12  object.o(.bss)
    PF9                                      0x20002e34   Data          12  object.o(.bss)
    PF10                                     0x20002e40   Data          12  object.o(.bss)
    PF11                                     0x20002e4c   Data          12  object.o(.bss)
    PF12                                     0x20002e58   Data          12  object.o(.bss)
    PF13                                     0x20002e64   Data          12  object.o(.bss)
    PF14                                     0x20002e70   Data          12  object.o(.bss)
    PF15                                     0x20002e7c   Data          12  object.o(.bss)
    PG0                                      0x20002e88   Data          12  object.o(.bss)
    PG1                                      0x20002e94   Data          12  object.o(.bss)
    PG2                                      0x20002ea0   Data          12  object.o(.bss)
    PG3                                      0x20002eac   Data          12  object.o(.bss)
    PG4                                      0x20002eb8   Data          12  object.o(.bss)
    PG5                                      0x20002ec4   Data          12  object.o(.bss)
    PG6                                      0x20002ed0   Data          12  object.o(.bss)
    PG7                                      0x20002edc   Data          12  object.o(.bss)
    PG8                                      0x20002ee8   Data          12  object.o(.bss)
    PG9                                      0x20002ef4   Data          12  object.o(.bss)
    PG10                                     0x20002f00   Data          12  object.o(.bss)
    PG11                                     0x20002f0c   Data          12  object.o(.bss)
    PG12                                     0x20002f18   Data          12  object.o(.bss)
    PG13                                     0x20002f24   Data          12  object.o(.bss)
    PG14                                     0x20002f30   Data          12  object.o(.bss)
    PG15                                     0x20002f3c   Data          12  object.o(.bss)
    uart1                                    0x20002f48   Data          72  object.o(.bss)
    uart2                                    0x20002f90   Data          72  object.o(.bss)
    uart3                                    0x20002fd8   Data          72  object.o(.bss)
    uart4                                    0x20003020   Data          72  object.o(.bss)
    uart5                                    0x20003068   Data          72  object.o(.bss)
    spi1                                     0x200030b0   Data          12  object.o(.bss)
    spi2                                     0x200030bc   Data          12  object.o(.bss)
    spi3                                     0x200030c8   Data          12  object.o(.bss)
    sspi1                                    0x200030d4   Data          20  object.o(.bss)
    i2c1                                     0x200030e8   Data          20  object.o(.bss)
    i2c2                                     0x200030fc   Data          20  object.o(.bss)
    si2c                                     0x20003110   Data          16  object.o(.bss)
    si2c1                                    0x20003120   Data          16  object.o(.bss)
    si2c2                                    0x20003130   Data          16  object.o(.bss)
    can1                                     0x20003140   Data          40  object.o(.bss)
    rf                                       0x20003188   Data         276  main.o(.bss)
    btn                                      0x2000329c   Data          20  main.o(.bss)
    timer1                                   0x200032b0   Data          32  main.o(.bss)
    timer2                                   0x200032d0   Data          32  main.o(.bss)
    recv_buf                                 0x200032f0   Data        1024  main.o(.bss)
    rbuf                                     0x200036f0   Data         512  main.o(.bss)
    wbuf                                     0x200038f0   Data         512  main.o(.bss)
    uart1_rx_buf                             0x20003af0   Data         512  main.o(.bss)
    uart1_rx_buf_c                           0x20003cf0   Data         512  main.o(.bss)
    _random_number_data                      0x20003ef0   Data         228  rand.o(.bss)
    __libspace_start                         0x20003fd4   Data          96  libspace.o(.bss)
    __temporary_stack_top$libspace           0x20004034   Data           0  libspace.o(.bss)



==============================================================================

Memory Map of the image

  Image Entry point : 0x080000ed

  Load Region LR_IROM1 (Base: 0x08000000, Size: 0x00005c98, Max: 0x00080000, ABSOLUTE)

    Execution Region ER_IROM1 (Base: 0x08000000, Size: 0x00005be8, Max: 0x00080000, ABSOLUTE)

    Base Addr    Size         Type   Attr      Idx    E Section Name        Object

    0x08000000   0x000000ec   Data   RO            3    RESET               startup_stm32f10x_md.o
    0x080000ec   0x00000008   Code   RO         8449  * !!!main             c_w.l(__main.o)
    0x080000f4   0x00000034   Code   RO         9242    !!!scatter          c_w.l(__scatter.o)
    0x08000128   0x0000001a   Code   RO         9244    !!handler_copy      c_w.l(__scatter_copy.o)
    0x08000142   0x00000002   PAD
    0x08000144   0x0000001c   Code   RO         9246    !!handler_zi        c_w.l(__scatter_zi.o)
    0x08000160   0x00000000   Code   RO         8415    .ARM.Collect$$_printf_percent$$00000000  c_w.l(_printf_percent.o)
    0x08000160   0x00000006   Code   RO         8800    .ARM.Collect$$_printf_percent$$00000001  c_w.l(_printf_n.o)
    0x08000166   0x00000006   Code   RO         8802    .ARM.Collect$$_printf_percent$$00000002  c_w.l(_printf_p.o)
    0x0800016c   0x00000006   Code   RO         8411    .ARM.Collect$$_printf_percent$$00000003  c_w.l(_printf_f.o)
    0x08000172   0x00000006   Code   RO         8412    .ARM.Collect$$_printf_percent$$00000004  c_w.l(_printf_e.o)
    0x08000178   0x00000006   Code   RO         8413    .ARM.Collect$$_printf_percent$$00000005  c_w.l(_printf_g.o)
    0x0800017e   0x00000006   Code   RO         8414    .ARM.Collect$$_printf_percent$$00000006  c_w.l(_printf_a.o)
    0x08000184   0x0000000a   Code   RO         8810    .ARM.Collect$$_printf_percent$$00000007  c_w.l(_printf_ll.o)
    0x0800018e   0x00000006   Code   RO         8804    .ARM.Collect$$_printf_percent$$00000008  c_w.l(_printf_i.o)
    0x08000194   0x00000006   Code   RO         8410    .ARM.Collect$$_printf_percent$$00000009  c_w.l(_printf_d.o)
    0x0800019a   0x00000006   Code   RO         8805    .ARM.Collect$$_printf_percent$$0000000A  c_w.l(_printf_u.o)
    0x080001a0   0x00000006   Code   RO         8803    .ARM.Collect$$_printf_percent$$0000000B  c_w.l(_printf_o.o)
    0x080001a6   0x00000006   Code   RO         8801    .ARM.Collect$$_printf_percent$$0000000C  c_w.l(_printf_x.o)
    0x080001ac   0x00000006   Code   RO         8807    .ARM.Collect$$_printf_percent$$0000000D  c_w.l(_printf_lli.o)
    0x080001b2   0x00000006   Code   RO         8808    .ARM.Collect$$_printf_percent$$0000000E  c_w.l(_printf_lld.o)
    0x080001b8   0x00000006   Code   RO         8809    .ARM.Collect$$_printf_percent$$0000000F  c_w.l(_printf_llu.o)
    0x080001be   0x00000006   Code   RO         8814    .ARM.Collect$$_printf_percent$$00000010  c_w.l(_printf_llo.o)
    0x080001c4   0x00000006   Code   RO         8815    .ARM.Collect$$_printf_percent$$00000011  c_w.l(_printf_llx.o)
    0x080001ca   0x0000000a   Code   RO         8811    .ARM.Collect$$_printf_percent$$00000012  c_w.l(_printf_l.o)
    0x080001d4   0x00000006   Code   RO         8798    .ARM.Collect$$_printf_percent$$00000013  c_w.l(_printf_c.o)
    0x080001da   0x00000006   Code   RO         8799    .ARM.Collect$$_printf_percent$$00000014  c_w.l(_printf_s.o)
    0x080001e0   0x00000006   Code   RO         8812    .ARM.Collect$$_printf_percent$$00000015  c_w.l(_printf_lc.o)
    0x080001e6   0x00000006   Code   RO         8813    .ARM.Collect$$_printf_percent$$00000016  c_w.l(_printf_ls.o)
    0x080001ec   0x00000004   Code   RO         8806    .ARM.Collect$$_printf_percent$$00000017  c_w.l(_printf_percent_end.o)
    0x080001f0   0x00000002   Code   RO         9129    .ARM.Collect$$libinit$$00000000  c_w.l(libinit.o)
    0x080001f2   0x00000000   Code   RO         8832    .ARM.Collect$$libinit$$00000002  c_w.l(libinit2.o)
    0x080001f2   0x00000000   Code   RO         8834    .ARM.Collect$$libinit$$00000004  c_w.l(libinit2.o)
    0x080001f2   0x00000000   Code   RO         8837    .ARM.Collect$$libinit$$0000000A  c_w.l(libinit2.o)
    0x080001f2   0x00000000   Code   RO         8839    .ARM.Collect$$libinit$$0000000C  c_w.l(libinit2.o)
    0x080001f2   0x00000004   Code   RO         8840    .ARM.Collect$$libinit$$0000000D  c_w.l(libinit2.o)
    0x080001f6   0x00000000   Code   RO         8841    .ARM.Collect$$libinit$$0000000E  c_w.l(libinit2.o)
    0x080001f6   0x00000006   Code   RO         8842    .ARM.Collect$$libinit$$0000000F  c_w.l(libinit2.o)
    0x080001fc   0x00000000   Code   RO         8844    .ARM.Collect$$libinit$$00000011  c_w.l(libinit2.o)
    0x080001fc   0x0000000c   Code   RO         8845    .ARM.Collect$$libinit$$00000012  c_w.l(libinit2.o)
    0x08000208   0x00000000   Code   RO         8846    .ARM.Collect$$libinit$$00000013  c_w.l(libinit2.o)
    0x08000208   0x00000000   Code   RO         8848    .ARM.Collect$$libinit$$00000015  c_w.l(libinit2.o)
    0x08000208   0x0000000a   Code   RO         8849    .ARM.Collect$$libinit$$00000016  c_w.l(libinit2.o)
    0x08000212   0x00000000   Code   RO         8850    .ARM.Collect$$libinit$$00000017  c_w.l(libinit2.o)
    0x08000212   0x00000000   Code   RO         8852    .ARM.Collect$$libinit$$00000019  c_w.l(libinit2.o)
    0x08000212   0x00000000   Code   RO         8854    .ARM.Collect$$libinit$$0000001B  c_w.l(libinit2.o)
    0x08000212   0x00000000   Code   RO         8856    .ARM.Collect$$libinit$$0000001D  c_w.l(libinit2.o)
    0x08000212   0x00000000   Code   RO         8858    .ARM.Collect$$libinit$$0000001F  c_w.l(libinit2.o)
    0x08000212   0x00000000   Code   RO         8860    .ARM.Collect$$libinit$$00000021  c_w.l(libinit2.o)
    0x08000212   0x00000000   Code   RO         8862    .ARM.Collect$$libinit$$00000023  c_w.l(libinit2.o)
    0x08000212   0x00000000   Code   RO         8864    .ARM.Collect$$libinit$$00000025  c_w.l(libinit2.o)
    0x08000212   0x00000000   Code   RO         8868    .ARM.Collect$$libinit$$0000002C  c_w.l(libinit2.o)
    0x08000212   0x00000000   Code   RO         8870    .ARM.Collect$$libinit$$0000002E  c_w.l(libinit2.o)
    0x08000212   0x00000000   Code   RO         8872    .ARM.Collect$$libinit$$00000030  c_w.l(libinit2.o)
    0x08000212   0x00000004   Code   RO         8873    .ARM.Collect$$libinit$$00000031  c_w.l(libinit2.o)
    0x08000216   0x00000000   Code   RO         8874    .ARM.Collect$$libinit$$00000032  c_w.l(libinit2.o)
    0x08000216   0x00000002   Code   RO         8875    .ARM.Collect$$libinit$$00000033  c_w.l(libinit2.o)
    0x08000218   0x00000002   Code   RO         9227    .ARM.Collect$$libshutdown$$00000000  c_w.l(libshutdown.o)
    0x0800021a   0x00000000   Code   RO         9164    .ARM.Collect$$libshutdown$$00000002  c_w.l(libshutdown2.o)
    0x0800021a   0x00000000   Code   RO         9166    .ARM.Collect$$libshutdown$$00000004  c_w.l(libshutdown2.o)
    0x0800021a   0x00000000   Code   RO         9169    .ARM.Collect$$libshutdown$$00000007  c_w.l(libshutdown2.o)
    0x0800021a   0x00000000   Code   RO         9172    .ARM.Collect$$libshutdown$$0000000A  c_w.l(libshutdown2.o)
    0x0800021a   0x00000000   Code   RO         9174    .ARM.Collect$$libshutdown$$0000000C  c_w.l(libshutdown2.o)
    0x0800021a   0x00000000   Code   RO         9177    .ARM.Collect$$libshutdown$$0000000F  c_w.l(libshutdown2.o)
    0x0800021a   0x00000002   Code   RO         9178    .ARM.Collect$$libshutdown$$00000010  c_w.l(libshutdown2.o)
    0x0800021c   0x00000000   Code   RO         8703    .ARM.Collect$$rtentry$$00000000  c_w.l(__rtentry.o)
    0x0800021c   0x00000000   Code   RO         8970    .ARM.Collect$$rtentry$$00000002  c_w.l(__rtentry2.o)
    0x0800021c   0x00000006   Code   RO         8982    .ARM.Collect$$rtentry$$00000004  c_w.l(__rtentry4.o)
    0x08000222   0x00000000   Code   RO         8972    .ARM.Collect$$rtentry$$00000009  c_w.l(__rtentry2.o)
    0x08000222   0x00000004   Code   RO         8973    .ARM.Collect$$rtentry$$0000000A  c_w.l(__rtentry2.o)
    0x08000226   0x00000000   Code   RO         8975    .ARM.Collect$$rtentry$$0000000C  c_w.l(__rtentry2.o)
    0x08000226   0x00000008   Code   RO         8976    .ARM.Collect$$rtentry$$0000000D  c_w.l(__rtentry2.o)
    0x0800022e   0x00000002   Code   RO         9147    .ARM.Collect$$rtexit$$00000000  c_w.l(rtexit.o)
    0x08000230   0x00000000   Code   RO         9197    .ARM.Collect$$rtexit$$00000002  c_w.l(rtexit2.o)
    0x08000230   0x00000004   Code   RO         9198    .ARM.Collect$$rtexit$$00000003  c_w.l(rtexit2.o)
    0x08000234   0x00000006   Code   RO         9199    .ARM.Collect$$rtexit$$00000004  c_w.l(rtexit2.o)
    0x0800023a   0x00000002   PAD
    0x0800023c   0x00000040   Code   RO            4    .text               startup_stm32f10x_md.o
    0x0800027c   0x00000010   Code   RO         8308    .text               c_w.l(rt_ctype_table.o)
    0x0800028c   0x000000ee   Code   RO         8372    .text               c_w.l(lludivv7m.o)
    0x0800037a   0x00000002   PAD
    0x0800037c   0x00000034   Code   RO         8378    .text               c_w.l(c89vsnprintf.o)
    0x080003b0   0x0000004e   Code   RO         8386    .text               c_w.l(_printf_pad.o)
    0x080003fe   0x00000002   PAD
    0x08000400   0x00000078   Code   RO         8388    .text               c_w.l(_printf_dec.o)
    0x08000478   0x00000188   Code   RO         8407    .text               c_w.l(__printf_flags_ss_wp.o)
    0x08000600   0x0000003c   Code   RO         8419    .text               c_w.l(rand.o)
    0x0800063c   0x00000080   Code   RO         8445    .text               c_w.l(strcmpv7m.o)
    0x080006bc   0x00000006   Code   RO         8447    .text               c_w.l(heapauxi.o)
    0x080006c2   0x00000002   PAD
    0x080006c4   0x00000024   Code   RO         8454    .text               c_w.l(init_aeabi.o)
    0x080006e8   0x00000008   Code   RO         8716    .text               c_w.l(rt_locale_intlibspace.o)
    0x080006f0   0x00000024   Code   RO         8747    .text               c_w.l(_printf_truncate.o)
    0x08000714   0x00000052   Code   RO         8749    .text               c_w.l(_printf_str.o)
    0x08000766   0x000000b2   Code   RO         8751    .text               c_w.l(_printf_intcommon.o)
    0x08000818   0x00000028   Code   RO         8753    .text               c_w.l(_printf_charcount.o)
    0x08000840   0x0000041a   Code   RO         8755    .text               c_w.l(_printf_fp_dec.o)
    0x08000c5a   0x00000002   PAD
    0x08000c5c   0x00000030   Code   RO         8760    .text               c_w.l(_printf_char_common.o)
    0x08000c8c   0x0000000a   Code   RO         8762    .text               c_w.l(_sputc.o)
    0x08000c96   0x00000010   Code   RO         8764    .text               c_w.l(_snputc.o)
    0x08000ca6   0x00000002   PAD
    0x08000ca8   0x000000bc   Code   RO         8766    .text               c_w.l(_printf_wctomb.o)
    0x08000d64   0x0000007c   Code   RO         8769    .text               c_w.l(_printf_longlong_dec.o)
    0x08000de0   0x00000070   Code   RO         8775    .text               c_w.l(_printf_oct_int_ll.o)
    0x08000e50   0x00000094   Code   RO         8795    .text               c_w.l(_printf_hex_int_ll_ptr.o)
    0x08000ee4   0x00000008   Code   RO         8966    .text               c_w.l(libspace.o)
    0x08000eec   0x0000008a   Code   RO         8998    .text               c_w.l(lludiv10.o)
    0x08000f76   0x00000002   PAD
    0x08000f78   0x00000080   Code   RO         9000    .text               c_w.l(_printf_fp_infnan.o)
    0x08000ff8   0x0000002c   Code   RO         9004    .text               c_w.l(_printf_char.o)
    0x08001024   0x0000002c   Code   RO         9006    .text               c_w.l(_printf_wchar.o)
    0x08001050   0x000000dc   Code   RO         9012    .text               c_w.l(bigflt0.o)
    0x0800112c   0x00000040   Code   RO         9037    .text               c_w.l(_wcrtomb.o)
    0x0800116c   0x0000000c   Code   RO         9089    .text               c_w.l(sys_exit.o)
    0x08001178   0x0000004a   Code   RO         9091    .text               c_w.l(sys_stackheap_outer.o)
    0x080011c2   0x00000012   Code   RO         9106    .text               c_w.l(exit.o)
    0x080011d4   0x00000002   Code   RO         9144    .text               c_w.l(use_no_semi.o)
    0x080011d6   0x00000000   Code   RO         9146    .text               c_w.l(indicate_semi.o)
    0x080011d6   0x0000003e   Code   RO         9015    CL$$btod_d2e        c_w.l(btod.o)
    0x08001214   0x00000046   Code   RO         9017    CL$$btod_d2e_denorm_low  c_w.l(btod.o)
    0x0800125a   0x00000060   Code   RO         9016    CL$$btod_d2e_norm_op1  c_w.l(btod.o)
    0x080012ba   0x00000338   Code   RO         9025    CL$$btod_div_common  c_w.l(btod.o)
    0x080015f2   0x000000c6   Code   RO         9022    CL$$btod_e2e        c_w.l(btod.o)
    0x080016b8   0x00000028   Code   RO         9019    CL$$btod_ediv       c_w.l(btod.o)
    0x080016e0   0x00000028   Code   RO         9018    CL$$btod_emul       c_w.l(btod.o)
    0x08001708   0x00000244   Code   RO         9024    CL$$btod_mult_common  c_w.l(btod.o)
    0x0800194c   0x00000014   Code   RO         5313    i.<Func3>           ebox_rtc.o
    0x08001960   0x00000014   Code   RO         5808    i.<Func3>           ebox_uart.o
    0x08001974   0x00000016   Code   RO          198    i.ADC_Cmd           stm32f10x_adc.o
    0x0800198a   0x00000016   Code   RO          199    i.ADC_DMACmd        stm32f10x_adc.o
    0x080019a0   0x0000005c   Code   RO          200    i.ADC_DeInit        stm32f10x_adc.o
    0x080019fc   0x00000014   Code   RO          206    i.ADC_GetCalibrationStatus  stm32f10x_adc.o
    0x08001a10   0x00000014   Code   RO          212    i.ADC_GetResetCalibrationStatus  stm32f10x_adc.o
    0x08001a24   0x00000050   Code   RO          216    i.ADC_Init          stm32f10x_adc.o
    0x08001a74   0x000000b8   Code   RO          220    i.ADC_RegularChannelConfig  stm32f10x_adc.o
    0x08001b2c   0x0000000a   Code   RO          221    i.ADC_ResetCalibration  stm32f10x_adc.o
    0x08001b36   0x00000016   Code   RO          223    i.ADC_SoftwareStartConvCmd  stm32f10x_adc.o
    0x08001b4c   0x0000000a   Code   RO          225    i.ADC_StartCalibration  stm32f10x_adc.o
    0x08001b56   0x00000004   Code   RO         6521    i.BusFault_Handler  ebox_it.o
    0x08001b5a   0x00000016   Code   RO          505    i.CAN_FIFORelease   stm32f10x_can.o
    0x08001b70   0x00000018   Code   RO          911    i.DMA_Cmd           stm32f10x_dma.o
    0x08001b88   0x0000014c   Code   RO          912    i.DMA_DeInit        stm32f10x_dma.o
    0x08001cd4   0x0000003c   Code   RO          917    i.DMA_Init          stm32f10x_dma.o
    0x08001d10   0x00000002   Code   RO         6522    i.DebugMon_Handler  ebox_it.o
    0x08001d12   0x00000002   PAD
    0x08001d14   0x00000024   Code   RO         4953    i.EXTI0_IRQHandler  ebox_exti.o
    0x08001d38   0x000000b4   Code   RO         4954    i.EXTI15_10_IRQHandler  ebox_exti.o
    0x08001dec   0x00000024   Code   RO         4955    i.EXTI1_IRQHandler  ebox_exti.o
    0x08001e10   0x00000024   Code   RO         4956    i.EXTI2_IRQHandler  ebox_exti.o
    0x08001e34   0x00000024   Code   RO         4957    i.EXTI3_IRQHandler  ebox_exti.o
    0x08001e58   0x00000024   Code   RO         4958    i.EXTI4_IRQHandler  ebox_exti.o
    0x08001e7c   0x0000008c   Code   RO         4959    i.EXTI9_5_IRQHandler  ebox_exti.o
    0x08001f08   0x0000000c   Code   RO          986    i.EXTI_ClearITPendingBit  stm32f10x_exti.o
    0x08001f14   0x00000028   Code   RO          990    i.EXTI_GetITStatus  stm32f10x_exti.o
    0x08001f3c   0x00000116   Code   RO         1351    i.GPIO_Init         stm32f10x_gpio.o
    0x08002052   0x00000002   PAD
    0x08002054   0x00000090   Code   RO         1353    i.GPIO_PinRemapConfig  stm32f10x_gpio.o
    0x080020e4   0x00000004   Code   RO         6523    i.HardFault_Handler  ebox_it.o
    0x080020e8   0x00000004   Code   RO         6524    i.MemManage_Handler  ebox_it.o
    0x080020ec   0x00000002   Code   RO         6525    i.NMI_Handler       ebox_it.o
    0x080020ee   0x00000002   PAD
    0x080020f0   0x00000070   Code   RO          148    i.NVIC_Init         misc.o
    0x08002160   0x00000014   Code   RO          149    i.NVIC_PriorityGroupConfig  misc.o
    0x08002174   0x00000018   Code   RO         1781    i.RCC_ADCCLKConfig  stm32f10x_rcc.o
    0x0800218c   0x00000020   Code   RO         1782    i.RCC_AHBPeriphClockCmd  stm32f10x_rcc.o
    0x080021ac   0x00000020   Code   RO         1783    i.RCC_APB1PeriphClockCmd  stm32f10x_rcc.o
    0x080021cc   0x00000020   Code   RO         1784    i.RCC_APB1PeriphResetCmd  stm32f10x_rcc.o
    0x080021ec   0x00000020   Code   RO         1785    i.RCC_APB2PeriphClockCmd  stm32f10x_rcc.o
    0x0800220c   0x00000020   Code   RO         1786    i.RCC_APB2PeriphResetCmd  stm32f10x_rcc.o
    0x0800222c   0x000000d4   Code   RO         1793    i.RCC_GetClocksFreq  stm32f10x_rcc.o
    0x08002300   0x00000010   Code   RO         1986    i.RTC_ClearITPendingBit  stm32f10x_rtc.o
    0x08002310   0x00000024   Code   RO         1992    i.RTC_GetITStatus   stm32f10x_rtc.o
    0x08002334   0x0000005c   Code   RO         5314    i.RTC_IRQHandler    ebox_rtc.o
    0x08002390   0x00000018   Code   RO         2274    i.SPI_Cmd           stm32f10x_spi.o
    0x080023a8   0x00000058   Code   RO         2281    i.SPI_I2S_DeInit    stm32f10x_spi.o
    0x08002400   0x0000003c   Code   RO         2287    i.SPI_Init          stm32f10x_spi.o
    0x0800243c   0x00000008   Code   RO           25    i.SetSysClock       system_stm32f10x.o
    0x08002444   0x000000e0   Code   RO           26    i.SetSysClockTo72   system_stm32f10x.o
    0x08002524   0x00000028   Code   RO          152    i.SysTick_CLKSourceConfig  misc.o
    0x0800254c   0x00000048   Code   RO         4735    i.SysTick_Handler   mcu_core.o
    0x08002594   0x000000a4   Code   RO           27    i.SystemCoreClockUpdate  system_stm32f10x.o
    0x08002638   0x00000060   Code   RO           28    i.SystemInit        system_stm32f10x.o
    0x08002698   0x00000098   Code   RO         6526    i.TIM1_UP_IRQHandler  ebox_it.o
    0x08002730   0x00000094   Code   RO         6527    i.TIM2_IRQHandler   ebox_it.o
    0x080027c4   0x00000098   Code   RO         6528    i.TIM3_IRQHandler   ebox_it.o
    0x0800285c   0x00000098   Code   RO         6529    i.TIM4_IRQHandler   ebox_it.o
    0x080028f4   0x00000018   Code   RO         2421    i.TIM_ARRPreloadConfig  stm32f10x_tim.o
    0x0800290c   0x00000006   Code   RO         2428    i.TIM_ClearITPendingBit  stm32f10x_tim.o
    0x08002912   0x00000018   Code   RO         2433    i.TIM_Cmd           stm32f10x_tim.o
    0x0800292a   0x00000002   PAD
    0x0800292c   0x000001e8   Code   RO         2438    i.TIM_DeInit        stm32f10x_tim.o
    0x08002b14   0x00000022   Code   RO         2454    i.TIM_GetITStatus   stm32f10x_tim.o
    0x08002b36   0x00000012   Code   RO         2458    i.TIM_ITConfig      stm32f10x_tim.o
    0x08002b48   0x0000000c   Code   RO         2460    i.TIM_InternalClockConfig  stm32f10x_tim.o
    0x08002b54   0x000000a4   Code   RO         2504    i.TIM_TimeBaseInit  stm32f10x_tim.o
    0x08002bf8   0x00000064   Code   RO         5811    i.USART1_IRQHandler  ebox_uart.o
    0x08002c5c   0x00000064   Code   RO         5812    i.USART2_IRQHandler  ebox_uart.o
    0x08002cc0   0x00000064   Code   RO         5813    i.USART3_IRQHandler  ebox_uart.o
    0x08002d24   0x00000012   Code   RO         2969    i.USART_ClearFlag   stm32f10x_usart.o
    0x08002d36   0x0000001e   Code   RO         2970    i.USART_ClearITPendingBit  stm32f10x_usart.o
    0x08002d54   0x00000018   Code   RO         2973    i.USART_Cmd         stm32f10x_usart.o
    0x08002d6c   0x00000012   Code   RO         2974    i.USART_DMACmd      stm32f10x_usart.o
    0x08002d7e   0x0000001a   Code   RO         2976    i.USART_GetFlagStatus  stm32f10x_usart.o
    0x08002d98   0x00000054   Code   RO         2977    i.USART_GetITStatus  stm32f10x_usart.o
    0x08002dec   0x0000004a   Code   RO         2979    i.USART_ITConfig    stm32f10x_usart.o
    0x08002e36   0x00000002   PAD
    0x08002e38   0x000000d8   Code   RO         2980    i.USART_Init        stm32f10x_usart.o
    0x08002f10   0x00000008   Code   RO         2990    i.USART_SendData    stm32f10x_usart.o
    0x08002f18   0x00000024   Code   RO         5998    i.USB_LP_CAN1_RX0_IRQHandler  ebox_can.o
    0x08002f3c   0x00000004   Code   RO         6533    i.UsageFault_Handler  ebox_it.o
    0x08002f40   0x0000000c   Code   RO         4057    i._Z11random_seedj  random.o
    0x08002f4c   0x00000030   Code   RO         4736    i._Z13get_chip_infov  mcu_core.o
    0x08002f7c   0x00000024   Code   RO         4737    i._Z16get_system_clockP11cpu_clock_t  mcu_core.o
    0x08002fa0   0x00000050   Code   RO         4903    i._Z17DMA_configurationv  ebox_analog.o
    0x08002ff0   0x0000012c   Code   RO         4904    i._Z18ADC1_configurationv  ebox_analog.o
    0x0800311c   0x0000000c   Code   RO         7865    i._Z4t1itv          main.o
    0x08003128   0x0000004c   Code   RO         7866    i._Z4t2itv          main.o
    0x08003174   0x000000d0   Code   RO         7867    i._Z5setupv         main.o
    0x08003244   0x0000003c   Code   RO         7868    i._Z8rx_eventv      main.o
    0x08003280   0x0000003c   Code   RO         4906    i._Z9ADC1_initv     ebox_analog.o
    0x080032bc   0x00000044   Code   RO         7869    i._Z9RF_TxDataPhh   main.o
    0x08003300   0x0000002a   Code   RO         6009    i._ZN3CanC1EP4GpioS1_  ebox_can.o
    0x0800332a   0x0000000e   Code   RO         5177    i._ZN3I2cC1EP11I2C_TypeDefP4GpioS3_  ebox_i2c.o
    0x08003338   0x00000018   Code   RO         7404    i._ZN3Led2onEv      led.o
    0x08003350   0x00000018   Code   RO         7405    i._ZN3Led3offEv     led.o
    0x08003368   0x0000000e   Code   RO         7406    i._ZN3Led5beginEv   led.o
    0x08003376   0x00000006   Code   RO         7408    i._ZN3LedC1EP4Gpioh  led.o
    0x0800337c   0x00000006   Code   RO         5726    i._ZN3Spi11read_configEv  ebox_spi.o
    0x08003382   0x00000046   Code   RO         5727    i._ZN3Spi14take_spi_rightEP11SpiConfig_t  ebox_spi.o
    0x080033c8   0x00000008   Code   RO         5728    i._ZN3Spi17release_spi_rightEv  ebox_spi.o
    0x080033d0   0x0000002c   Code   RO         5731    i._ZN3Spi4readEv    ebox_spi.o
    0x080033fc   0x0000004c   Code   RO         5732    i._ZN3Spi5beginEP11SpiConfig_t  ebox_spi.o
    0x08003448   0x00000030   Code   RO         5734    i._ZN3Spi5writeEh   ebox_spi.o
    0x08003478   0x00000114   Code   RO         5735    i._ZN3Spi6configEP11SpiConfig_t  ebox_spi.o
    0x0800358c   0x00000034   Code   RO         5737    i._ZN3SpiC1EP11SPI_TypeDefP4GpioS3_S3_  ebox_spi.o
    0x080035c0   0x00000008   Code   RO         5084    i._ZN4Gpio3setEv    ebox_gpio.o
    0x080035c8   0x000001ac   Code   RO         5085    i._ZN4Gpio4modeE8PIN_MODE  ebox_gpio.o
    0x08003774   0x00000014   Code   RO         5087    i._ZN4Gpio4readEv   ebox_gpio.o
    0x08003788   0x00000008   Code   RO         5088    i._ZN4Gpio5resetEv  ebox_gpio.o
    0x08003790   0x00000084   Code   RO         5091    i._ZN4GpioC1EP12GPIO_TypeDeft  ebox_gpio.o
    0x08003814   0x0000003c   Code   RO         5814    i._ZN4Uart12_irq_handlerEj7IrqType  ebox_uart.o
    0x08003850   0x0000002a   Code   RO         5815    i._ZN4Uart15dma_send_stringEPKct  ebox_uart.o
    0x0800387a   0x0000000c   Code   RO         5816    i._ZN4Uart4readEv   ebox_uart.o
    0x08003886   0x0000001e   Code   RO         5817    i._ZN4Uart5beginEjh  ebox_uart.o
    0x080038a4   0x00000208   Code   RO         5818    i._ZN4Uart5beginEjhhfh  ebox_uart.o
    0x08003aac   0x00000020   Code   RO         5820    i._ZN4Uart5writeEh  ebox_uart.o
    0x08003acc   0x0000007c   Code   RO         5821    i._ZN4Uart6_writeEPKct  ebox_uart.o
    0x08003b48   0x0000001e   Code   RO         5822    i._ZN4Uart6attachEPFvvE7IrqType  ebox_uart.o
    0x08003b66   0x00000074   Code   RO         5823    i._ZN4Uart6printfEPKcz  ebox_uart.o
    0x08003bda   0x00000002   PAD
    0x08003bdc   0x00000060   Code   RO         5824    i._ZN4Uart8set_busyEv  ebox_uart.o
    0x08003c3c   0x000000f8   Code   RO         5825    i._ZN4Uart9interruptE7IrqType15FunctionalStatehh  ebox_uart.o
    0x08003d34   0x0000017c   Code   RO         5826    i._ZN4Uart9wait_busyEv  ebox_uart.o
    0x08003eb0   0x00000050   Code   RO         5827    i._ZN4UartC1EP13USART_TypeDefP4GpioS3_  ebox_uart.o
    0x08003f00   0x00000014   Code   RO         6096    i._ZN5Timer11get_max_frqEv  ebox_timer.o
    0x08003f14   0x0000002e   Code   RO         6097    i._ZN5Timer12_irq_handlerEj  ebox_timer.o
    0x08003f42   0x00000002   PAD
    0x08003f44   0x0000003c   Code   RO         6098    i._ZN5Timer22get_timer_source_clockEv  ebox_timer.o
    0x08003f80   0x0000000e   Code   RO         6099    i._ZN5Timer4stopEv  ebox_timer.o
    0x08003f8e   0x00000002   PAD
    0x08003f90   0x000000bc   Code   RO         6100    i._ZN5Timer5beginEj  ebox_timer.o
    0x0800404c   0x0000000e   Code   RO         6101    i._ZN5Timer5startEv  ebox_timer.o
    0x0800405a   0x00000014   Code   RO         6102    i._ZN5Timer6attachEPFvvE  ebox_timer.o
    0x0800406e   0x00000002   PAD
    0x08004070   0x000000e8   Code   RO         6103    i._ZN5Timer9base_initEtt  ebox_timer.o
    0x08004158   0x00000044   Code   RO         6104    i._ZN5Timer9interruptE15FunctionalStatehh  ebox_timer.o
    0x0800419c   0x00000024   Code   RO         6106    i._ZN5TimerC1EP11TIM_TypeDef  ebox_timer.o
    0x080041c0   0x00000070   Code   RO         7309    i._ZN6Button4loopEv  button.o
    0x08004230   0x0000003e   Code   RO         7310    i._ZN6Button5beginEv  button.o
    0x0800426e   0x00000016   Code   RO         7312    i._ZN6Button7releaseEv  button.o
    0x08004284   0x00000008   Code   RO         7313    i._ZN6ButtonC1EP4Gpioh  button.o
    0x0800428c   0x000001be   Code   RO         7733    i._ZN6Si443210set_configEv  si4432.o
    0x0800444a   0x00000002   PAD
    0x0800444c   0x00000044   Code   RO         7734    i._ZN6Si443211set_rx_modeEv  si4432.o
    0x08004490   0x0000003c   Code   RO         7735    i._ZN6Si443211set_tx_modeEv  si4432.o
    0x080044cc   0x0000003c   Code   RO         7736    i._ZN6Si443213set_idle_modeEv  si4432.o
    0x08004508   0x00000040   Code   RO         7737    i._ZN6Si443215SpiReadRegisterEh  si4432.o
    0x08004548   0x00000044   Code   RO         7738    i._ZN6Si443216SpiWriteRegisterEhh  si4432.o
    0x0800458c   0x00000054   Code   RO         7739    i._ZN6Si44324readEPh  si4432.o
    0x080045e0   0x00000056   Code   RO         7740    i._ZN6Si44325beginEh  si4432.o
    0x08004636   0x0000001a   Code   RO         7741    i._ZN6Si44325resetEv  si4432.o
    0x08004650   0x00000084   Code   RO         7742    i._ZN6Si44325startEv  si4432.o
    0x080046d4   0x0000007c   Code   RO         7743    i._ZN6Si44325writeEPhh  si4432.o
    0x08004750   0x0000000e   Code   RO         7744    i._ZN6Si44328read_irqEv  si4432.o
    0x0800475e   0x00000016   Code   RO         7746    i._ZN6Si4432C1EP4GpioS1_S1_P3Spi  si4432.o
    0x08004774   0x00000006   Code   RO         5511    i._ZN7SoftI2cC1EP4GpioS1_  ebox_softi2c.o
    0x0800477a   0x00000008   Code   RO         5632    i._ZN7SoftSpiC1EP4GpioS1_S1_  ebox_softspi.o
    0x08004782   0x00000028   Code   RO         8928    i.__ARM_fpclassify  m_ws.l(fpclassify.o)
    0x080047aa   0x00000024   Code   RO         8566    i.__aeabi_vec_ctor_nocookie_nodtor  cpprt_w.l(aeabi_vec_ctor_nocookie_nodtor.o)
    0x080047ce   0x00000002   PAD
    0x080047d0   0x00000834   Code   RO         6673    i.__sti___10_object_cpp_PA0  object.o
    0x08005004   0x0000001c   Code   RO         5331    i.__sti___12_ebox_rtc_cpp_rtc  ebox_rtc.o
    0x08005020   0x0000006c   Code   RO         7870    i.__sti___8_main_cpp_rf  main.o
    0x0800508c   0x0000000e   Code   RO         8400    i._is_digit         c_w.l(__printf_wp.o)
    0x0800509a   0x0000003a   Code   RO         4739    i.delay_ms          mcu_core.o
    0x080050d4   0x00000010   Code   RO         4000    i.ebox_free         ebox_mem.o
    0x080050e4   0x00000114   Code   RO         4741    i.ebox_init         mcu_core.o
    0x080051f8   0x0000000e   Code   RO         4002    i.ebox_malloc       ebox_mem.o
    0x08005206   0x00000002   PAD
    0x08005208   0x00000140   Code   RO         7871    i.main              main.o
    0x08005348   0x00000058   Code   RO         4842    i.memFree           mcu_mem.o
    0x080053a0   0x0000009c   Code   RO         4845    i.memHeapInit       mcu_mem.o
    0x0800543c   0x00000074   Code   RO         4846    i.memInsertBlockIntoFreeList  mcu_mem.o
    0x080054b0   0x000000f8   Code   RO         4847    i.memMalloc         mcu_mem.o
    0x080055a8   0x00000080   Code   RO         4744    i.micros            mcu_core.o
    0x08005628   0x0000000c   Code   RO         4745    i.millis            mcu_core.o
    0x08005634   0x00000014   Code   RO         5828    i.serial_irq_handler  ebox_uart.o
    0x08005648   0x0000001c   Code   RO         4746    i.set_systick_user_event_per_sec  mcu_core.o
    0x08005664   0x0000001c   Code   RO         6107    i.tim_irq_callback  ebox_timer.o
    0x08005680   0x00000018   Code   RO         6108    i.tim_irq_init      ebox_timer.o
    0x08005698   0x0000002c   Code   RO         8821    locale$$code        c_w.l(lc_ctype_c.o)
    0x080056c4   0x0000002c   Code   RO         9040    locale$$code        c_w.l(lc_numeric_c.o)
    0x080056f0   0x00000008   Code   RO         5054    t._ZN19FunctionPointerArg1IvvE6attachEPFvvE  ebox_exti.o
    0x080056f8   0x00000018   Code   RO         8892    x$fpl$dcmpinf       fz_ws.l(dcmpi.o)
    0x08005710   0x00000078   Code   RO         8581    x$fpl$deqf          fz_ws.l(deqf.o)
    0x08005788   0x0000009c   Code   RO         8894    x$fpl$dnaninf       fz_ws.l(dnaninf.o)
    0x08005824   0x0000000c   Code   RO         8896    x$fpl$dretinf       fz_ws.l(dretinf.o)
    0x08005830   0x00000056   Code   RO         8607    x$fpl$f2d           fz_ws.l(f2d.o)
    0x08005886   0x00000018   Code   RO         8898    x$fpl$fcmpinf       fz_ws.l(fcmpi.o)
    0x0800589e   0x00000002   PAD
    0x080058a0   0x00000068   Code   RO         8619    x$fpl$feqf          fz_ws.l(feqf.o)
    0x08005908   0x0000008c   Code   RO         8900    x$fpl$fnaninf       fz_ws.l(fnaninf.o)
    0x08005994   0x00000004   Code   RO         8641    x$fpl$printf1       fz_ws.l(printf1.o)
    0x08005998   0x00000000   Code   RO         8910    x$fpl$usenofp       fz_ws.l(usenofp.o)
    0x08005998   0x00000011   Data   RO         8408    .constdata          c_w.l(__printf_flags_ss_wp.o)
    0x080059a9   0x00000003   PAD
    0x080059ac   0x00000008   Data   RO         8767    .constdata          c_w.l(_printf_wctomb.o)
    0x080059b4   0x00000028   Data   RO         8796    .constdata          c_w.l(_printf_hex_int_ll_ptr.o)
    0x080059dc   0x00000094   Data   RO         9013    .constdata          c_w.l(bigflt0.o)
    0x08005a70   0x00000010   Data   RO         5948    .constdata__ZTV4Uart  ebox_uart.o
    0x08005a80   0x00000010   Data   RO         3415    .constdata__ZTV5Print  print.o
    0x08005a90   0x00000020   Data   RO         9240    Region$$Table       anon$$obj.o
    0x08005ab0   0x00000110   Data   RO         8820    locale$$data        c_w.l(lc_ctype_c.o)
    0x08005bc0   0x0000001c   Data   RO         9039    locale$$data        c_w.l(lc_numeric_c.o)
    0x08005bdc   0x00000004   Data   RO         5355    .init_array         ebox_rtc.o
    0x08005be0   0x00000004   Data   RO         6676    .init_array         object.o
    0x08005be4   0x00000004   Data   RO         7881    .init_array         main.o
    0x08005be8   0x00000000   Data   RO         8452    .init_array         c_w.l(init_aeabi.o)


    Execution Region RW_IRAM1 (Base: 0x20000000, Size: 0x00004638, Max: 0x00010000, ABSOLUTE)

    Base Addr    Size         Type   Attr      Idx    E Section Name        Object

    0x20000000   0x00000014   Data   RW           29    .data               system_stm32f10x.o
    0x20000014   0x00000014   Data   RW         1813    .data               stm32f10x_rcc.o
    0x20000028   0x00000014   Data   RW         4760    .data               mcu_core.o
    0x2000003c   0x00000020   Data   RW         4850    .data               mcu_mem.o
    0x2000005c   0x00000004   Data   RW         4982    .data               ebox_exti.o
    0x20000060   0x00000008   Data   RW         5354    .data               ebox_rtc.o
    0x20000068   0x0000000c   Data   RW         5851    .data               ebox_uart.o
    0x20000074   0x00000008   Data   RW         6025    .data               ebox_can.o
    0x2000007c   0x00000004   Data   RW         6125    .data               ebox_timer.o
    0x20000080   0x00000008   Data   RW         6547    .data               ebox_it.o
    0x20000088   0x00000005   Data   RW         7320    .data               button.o
    0x2000008d   0x00000002   Data   RW         7761    .data               si4432.o
    0x2000008f   0x00000001   PAD
    0x20000090   0x0000001d   Data   RW         7880    .data               main.o
    0x200000ad   0x00000003   PAD
    0x200000b0   0x00000030   Zero   RW         4759    .bss                mcu_core.o
    0x200000e0   0x00002800   Zero   RW         4849    .bss                mcu_mem.o
    0x200028e0   0x00000020   Zero   RW         4912    .bss                ebox_analog.o
    0x20002900   0x00000040   Zero   RW         4981    .bss                ebox_exti.o
    0x20002940   0x00000048   Zero   RW         5353    .bss                ebox_rtc.o
    0x20002988   0x00000014   Zero   RW         5850    .bss                ebox_uart.o
    0x2000299c   0x0000006c   Zero   RW         6124    .bss                ebox_timer.o
    0x20002a08   0x00000760   Zero   RW         6675    .bss                object.o
    0x20003168   0x00000d88   Zero   RW         7879    .bss                main.o
    0x20003ef0   0x000000e4   Zero   RW         8420    .bss                c_w.l(rand.o)
    0x20003fd4   0x00000060   Zero   RW         8967    .bss                c_w.l(libspace.o)
    0x20004034   0x00000004   PAD
    0x20004038   0x00000200   Zero   RW            2    HEAP                startup_stm32f10x_md.o
    0x20004238   0x00000400   Zero   RW            1    STACK               startup_stm32f10x_md.o


==============================================================================

Image component sizes


      Code (inc. data)   RO Data    RW Data    ZI Data      Debug   Object Name

         0          0          0          0          0       6836   bsp.o
       204         10          0          5          0       2844   button.o
         0          0          0          0          0       4548   core_cm3.o
       440         26          0          0         32       4788   ebox_analog.o
        78         14          0          8          0       3853   ebox_can.o
         0          0          0          0          0     297464   ebox_common.o
       508         56          0          4         64      10895   ebox_exti.o
       596         18          0          0          0       3516   ebox_gpio.o
        14          0          0          0          0       3796   ebox_i2c.o
       624         28          0          8          0      10970   ebox_it.o
        30          0          0          0          0       2298   ebox_mem.o
       140         18          4          8         72       2391   ebox_rtc.o
         6          0          0          0          0        564   ebox_softi2c.o
         8          0          0          0          0       2324   ebox_softspi.o
       580         20          0          0          0       6072   ebox_spi.o
       750         54          0          4        108      10606   ebox_timer.o
      2110        178         16         12         20      17024   ebox_uart.o
        68          0          0          0          0       2448   led.o
       852        282          4         29       3464       5430   main.o
       658         82          0         20         48      22798   mcu_core.o
       608         70          0         32      10240       6811   mcu_mem.o
       172         22          0          0          0       2377   misc.o
         0          0          0          0          0       3080   new.o
      2100        678          4          0       1888       8227   object.o
         0          0         16          0          0       2013   print.o
        12          0          0          0          0        514   random.o
      1254         50          0          2          0       9602   si4432.o
        64         26        236          0       1536        972   startup_stm32f10x_md.o
       482         24          0          0          0       8790   stm32f10x_adc.o
        22          0          0          0          0       1634   stm32f10x_can.o
       416          8          0          0          0       3738   stm32f10x_dma.o
        52         12          0          0          0       1276   stm32f10x_exti.o
       422          6          0          0          0       3046   stm32f10x_gpio.o
       396         56          0         20          0       7323   stm32f10x_rcc.o
        52          8          0          0          0       1238   stm32f10x_rtc.o
       172         12          0          0          0       3026   stm32f10x_spi.o
       770        106          0          0          0       6088   stm32f10x_tim.o
       498          6          0          0          0       8148   stm32f10x_usart.o
       492         50          0         20          0     287249   system_stm32f10x.o
         0          0          0          0          0        624   util.o

    ----------------------------------------------------------------------
     15672       1920        312        176      17472     787241   Object Totals
         0          0         32          0          0          0   (incl. Generated)
        22          0          0          4          0          0   (incl. Padding)

    ----------------------------------------------------------------------

      Code (inc. data)   RO Data    RW Data    ZI Data      Debug   Library Member Name

         8          0          0          0          0         68   __main.o
       392          4         17          0          0         92   __printf_flags_ss_wp.o
        14          0          0          0          0         68   __printf_wp.o
         0          0          0          0          0          0   __rtentry.o
        12          0          0          0          0          0   __rtentry2.o
         6          0          0          0          0          0   __rtentry4.o
        52          8          0          0          0          0   __scatter.o
        26          0          0          0          0          0   __scatter_copy.o
        28          0          0          0          0          0   __scatter_zi.o
         6          0          0          0          0          0   _printf_a.o
         6          0          0          0          0          0   _printf_c.o
        44          0          0          0          0        108   _printf_char.o
        48          6          0          0          0         96   _printf_char_common.o
        40          0          0          0          0         68   _printf_charcount.o
         6          0          0          0          0          0   _printf_d.o
       120         16          0          0          0         92   _printf_dec.o
         6          0          0          0          0          0   _printf_e.o
         6          0          0          0          0          0   _printf_f.o
      1050          0          0          0          0        216   _printf_fp_dec.o
       128         16          0          0          0         84   _printf_fp_infnan.o
         6          0          0          0          0          0   _printf_g.o
       148          4         40          0          0        160   _printf_hex_int_ll_ptr.o
         6          0          0          0          0          0   _printf_i.o
       178          0          0          0          0         88   _printf_intcommon.o
        10          0          0          0          0          0   _printf_l.o
         6          0          0          0          0          0   _printf_lc.o
        10          0          0          0          0          0   _printf_ll.o
         6          0          0          0          0          0   _printf_lld.o
         6          0          0          0          0          0   _printf_lli.o
         6          0          0          0          0          0   _printf_llo.o
         6          0          0          0          0          0   _printf_llu.o
         6          0          0          0          0          0   _printf_llx.o
       124         16          0          0          0         92   _printf_longlong_dec.o
         6          0          0          0          0          0   _printf_ls.o
         6          0          0          0          0          0   _printf_n.o
         6          0          0          0          0          0   _printf_o.o
       112         10          0          0          0        124   _printf_oct_int_ll.o
         6          0          0          0          0          0   _printf_p.o
        78          0          0          0          0        108   _printf_pad.o
         0          0          0          0          0          0   _printf_percent.o
         4          0          0          0          0          0   _printf_percent_end.o
         6          0          0          0          0          0   _printf_s.o
        82          0          0          0          0         80   _printf_str.o
        36          0          0          0          0         84   _printf_truncate.o
         6          0          0          0          0          0   _printf_u.o
        44          0          0          0          0        108   _printf_wchar.o
       188          6          8          0          0         92   _printf_wctomb.o
         6          0          0          0          0          0   _printf_x.o
        16          0          0          0          0         68   _snputc.o
        10          0          0          0          0         68   _sputc.o
        64          0          0          0          0         92   _wcrtomb.o
       220          4        148          0          0         96   bigflt0.o
      1910        128          0          0          0        672   btod.o
        52          4          0          0          0         80   c89vsnprintf.o
        18          0          0          0          0         80   exit.o
         6          0          0          0          0        152   heapauxi.o
         0          0          0          0          0          0   indicate_semi.o
        36         10          0          0          0         80   init_aeabi.o
        44         10        272          0          0         76   lc_ctype_c.o
        44         10         28          0          0         76   lc_numeric_c.o
         2          0          0          0          0          0   libinit.o
        38          0          0          0          0          0   libinit2.o
         2          0          0          0          0          0   libshutdown.o
         2          0          0          0          0          0   libshutdown2.o
         8          4          0          0         96         68   libspace.o
       138          0          0          0          0         80   lludiv10.o
       238          0          0          0          0        100   lludivv7m.o
        60         14          0          0        228         92   rand.o
        16          4          0          0          0         76   rt_ctype_table.o
         8          4          0          0          0         68   rt_locale_intlibspace.o
         2          0          0          0          0          0   rtexit.o
        10          0          0          0          0          0   rtexit2.o
       128          0          0          0          0         68   strcmpv7m.o
        12          4          0          0          0         68   sys_exit.o
        74          0          0          0          0         80   sys_stackheap_outer.o
         2          0          0          0          0         68   use_no_semi.o
        36          0          0          0          0         84   aeabi_vec_ctor_nocookie_nodtor.o
        24          0          0          0          0         68   dcmpi.o
       120          4          0          0          0         92   deqf.o
       156          4          0          0          0         92   dnaninf.o
        12          0          0          0          0         68   dretinf.o
        86          4          0          0          0         84   f2d.o
        24          0          0          0          0         68   fcmpi.o
       104          4          0          0          0         84   feqf.o
       140          4          0          0          0         84   fnaninf.o
         4          0          0          0          0         68   printf1.o
         0          0          0          0          0          0   usenofp.o
        40          0          0          0          0         68   fpclassify.o

    ----------------------------------------------------------------------
      7028        302        516          0        328       4996   Library Totals
        20          0          3          0          4          0   (incl. Padding)

    ----------------------------------------------------------------------

      Code (inc. data)   RO Data    RW Data    ZI Data      Debug   Library Name

      6262        282        513          0        324       4136   c_w.l
        36          0          0          0          0         84   cpprt_w.l
       670         20          0          0          0        708   fz_ws.l
        40          0          0          0          0         68   m_ws.l

    ----------------------------------------------------------------------
      7028        302        516          0        328       4996   Library Totals

    ----------------------------------------------------------------------

==============================================================================


      Code (inc. data)   RO Data    RW Data    ZI Data      Debug   

     22700       2222        828        176      17800     780793   Grand Totals
     22700       2222        828        176      17800     780793   ELF Image Totals
     22700       2222        828        176          0          0   ROM Totals

==============================================================================

    Total RO  Size (Code + RO Data)                23528 (  22.98kB)
    Total RW  Size (RW Data + ZI Data)             17976 (  17.55kB)
    Total ROM Size (Code + RO Data + RW Data)      23704 (  23.15kB)

==============================================================================

